<!doctype html public "-//w3c//dtd html 4.0 transitional//en">
<html><head>
<title>Static Call Graph - [.\_build\nrf52832_xxaa.axf]</title></head>
<body><HR>
<H1>Static Call Graph for image .\_build\nrf52832_xxaa.axf</H1><HR>
<BR><P>#&#060CALLGRAPH&#062# ARM Linker, 5060960: Last Updated: Mon Sep 05 16:37:07 2022
<BR><P>
<H3>Maximum Stack Usage =       2168 bytes + Unknown(Functions without stacksize, Cycles, Untraceable Function Pointers)</H3><H3>
Call chain for Maximum Stack Depth:</H3>
main &rArr; main_loop &rArr; IR_Task &rArr; IRInterface_DetectDeviceType &rArr; isPanasonicAcHeader &rArr; matchGeneric_8 &rArr; _matchGeneric &rArr; matchBytes &rArr; matchData &rArr;  matchData (Cycle)
<P>
<H3>
Functions with no stack information
</H3><UL>
 <LI><a href="#[12e]">FRACLIB_FFMUL32</a>
 <LI><a href="#[6dd]">FRACLIB_SSMUL32</a>
 <LI><a href="#[224]">FRACLIB_USMUL32</a>
 <LI><a href="#[6de]">FRACLIB_SUMUL32</a>
 <LI><a href="#[6df]">FRACLIB_UUMUL32</a>
</UL>
</UL>
<P>
<H3>
Mutually Recursive functions
</H3> <LI><a href="#[f]">NMI_Handler</a>&nbsp;&nbsp;&nbsp;&rArr;&nbsp;&nbsp;&nbsp;<a href="#[f]">NMI_Handler</a><BR>
 <LI><a href="#[11]">MemoryManagement_Handler</a>&nbsp;&nbsp;&nbsp;&rArr;&nbsp;&nbsp;&nbsp;<a href="#[11]">MemoryManagement_Handler</a><BR>
 <LI><a href="#[12]">BusFault_Handler</a>&nbsp;&nbsp;&nbsp;&rArr;&nbsp;&nbsp;&nbsp;<a href="#[12]">BusFault_Handler</a><BR>
 <LI><a href="#[13]">UsageFault_Handler</a>&nbsp;&nbsp;&nbsp;&rArr;&nbsp;&nbsp;&nbsp;<a href="#[13]">UsageFault_Handler</a><BR>
 <LI><a href="#[14]">SVC_Handler</a>&nbsp;&nbsp;&nbsp;&rArr;&nbsp;&nbsp;&nbsp;<a href="#[14]">SVC_Handler</a><BR>
 <LI><a href="#[15]">DebugMon_Handler</a>&nbsp;&nbsp;&nbsp;&rArr;&nbsp;&nbsp;&nbsp;<a href="#[15]">DebugMon_Handler</a><BR>
 <LI><a href="#[16]">PendSV_Handler</a>&nbsp;&nbsp;&nbsp;&rArr;&nbsp;&nbsp;&nbsp;<a href="#[16]">PendSV_Handler</a><BR>
 <LI><a href="#[27]">CCM_AAR_IRQHandler</a>&nbsp;&nbsp;&nbsp;&rArr;&nbsp;&nbsp;&nbsp;<a href="#[27]">CCM_AAR_IRQHandler</a><BR>
 <LI><a href="#[fe]">nrf_log_frontend_std_0</a>&nbsp;&nbsp;&nbsp;&rArr;&nbsp;&nbsp;&nbsp;<a href="#[5ee]">std_n</a><BR>
 <LI><a href="#[1b8]">matchData</a>&nbsp;&nbsp;&nbsp;&rArr;&nbsp;&nbsp;&nbsp;<a href="#[1b8]">matchData</a><BR>
 <LI><a href="#[15d]">Coolix_setMode</a>&nbsp;&nbsp;&nbsp;&rArr;&nbsp;&nbsp;&nbsp;<a href="#[15d]">Coolix_setMode</a><BR>
 <LI><a href="#[25a]">PanasonicAc_setFan</a>&nbsp;&nbsp;&nbsp;&rArr;&nbsp;&nbsp;&nbsp;<a href="#[25a]">PanasonicAc_setFan</a><BR>
 <LI><a href="#[29c]">Sharp_setSwingV</a>&nbsp;&nbsp;&nbsp;&rArr;&nbsp;&nbsp;&nbsp;<a href="#[29c]">Sharp_setSwingV</a><BR>
 <LI><a href="#[295]">Sharp_setClean</a>&nbsp;&nbsp;&nbsp;&rArr;&nbsp;&nbsp;&nbsp;<a href="#[297]">Sharp_setPower</a><BR>
 <LI><a href="#[ce]">__asm___12_nrf_atfifo_c_51f461e1__nrf_atfifo_rspace_close</a>&nbsp;&nbsp;&nbsp;&rArr;&nbsp;&nbsp;&nbsp;<a href="#[ce]">__asm___12_nrf_atfifo_c_51f461e1__nrf_atfifo_rspace_close</a><BR>
 <LI><a href="#[cd]">__asm___12_nrf_atfifo_c_51f461e1__nrf_atfifo_wspace_close</a>&nbsp;&nbsp;&nbsp;&rArr;&nbsp;&nbsp;&nbsp;<a href="#[cd]">__asm___12_nrf_atfifo_c_51f461e1__nrf_atfifo_wspace_close</a><BR>
 <LI><a href="#[c3]">nrf_fstorage_sys_evt_handler</a>&nbsp;&nbsp;&nbsp;&rArr;&nbsp;&nbsp;&nbsp;<a href="#[5db]">queue_process</a><BR>
 <LI><a href="#[399]">buffer_add</a>&nbsp;&nbsp;&nbsp;&rArr;&nbsp;&nbsp;&nbsp;<a href="#[399]">buffer_add</a><BR>
</UL>
<P>
<H3>
Function Pointers
</H3><UL>
 <LI><a href="#[12]">BusFault_Handler</a> from arm_startup_nrf52.o(.text) referenced from arm_startup_nrf52.o(RESET)
 <LI><a href="#[27]">CCM_AAR_IRQHandler</a> from arm_startup_nrf52.o(.text) referenced from arm_startup_nrf52.o(RESET)
 <LI><a href="#[2b]">COMP_LPCOMP_IRQHandler</a> from arm_startup_nrf52.o(.text) referenced from arm_startup_nrf52.o(RESET)
 <LI><a href="#[15]">DebugMon_Handler</a> from arm_startup_nrf52.o(.text) referenced from arm_startup_nrf52.o(RESET)
 <LI><a href="#[26]">ECB_IRQHandler</a> from arm_startup_nrf52.o(.text) referenced from arm_startup_nrf52.o(RESET)
 <LI><a href="#[3c]">FPU_IRQHandler</a> from arm_startup_nrf52.o(.text) referenced from arm_startup_nrf52.o(RESET)
 <LI><a href="#[1e]">GPIOTE_IRQHandler</a> from main.o(i.GPIOTE_IRQHandler) referenced from arm_startup_nrf52.o(RESET)
 <LI><a href="#[10]">HardFault_Handler</a> from main.o(i.HardFault_Handler) referenced from arm_startup_nrf52.o(RESET)
 <LI><a href="#[3b]">I2S_IRQHandler</a> from arm_startup_nrf52.o(.text) referenced from arm_startup_nrf52.o(RESET)
 <LI><a href="#[44]">IRInterface_TransmitCompleted</a> from ir_interface.o(i.IRInterface_TransmitCompleted) referenced from ir_interface.o(i.IRInterface_TransmitIR)
 <LI><a href="#[70]">IR_DecodeRawFrameToUserCmd_Funiki</a> from ir_dataconverter_funiki.o(i.IR_DecodeRawFrameToUserCmd_Funiki) referenced from ir_deviceconstructor.o(.constdata)
 <LI><a href="#[68]">IR_DecodeRawFrameToUserCmd_Hitachi</a> from ir_dataconverter-hitachi.o(i.IR_DecodeRawFrameToUserCmd_Hitachi) referenced from ir_deviceconstructor.o(.constdata)
 <LI><a href="#[78]">IR_DecodeRawFrameToUserCmd_OG104AC</a> from ir_dataconverter_og104ac.o(i.IR_DecodeRawFrameToUserCmd_OG104AC) referenced from ir_deviceconstructor.o(.constdata)
 <LI><a href="#[7c]">IR_DecodeRawFrameToUserCmd_Olimpia136AC</a> from ir_dataconverter_olimpia136ac.o(i.IR_DecodeRawFrameToUserCmd_Olimpia136AC) referenced from ir_deviceconstructor.o(.constdata)
 <LI><a href="#[6f]">IR_EncodeUserCmdToIRProtocol_Funiki</a> from ir_dataconverter_funiki.o(i.IR_EncodeUserCmdToIRProtocol_Funiki) referenced from ir_deviceconstructor.o(.constdata)
 <LI><a href="#[67]">IR_EncodeUserCmdToIRProtocol_Hitachi</a> from ir_dataconverter-hitachi.o(i.IR_EncodeUserCmdToIRProtocol_Hitachi) referenced from ir_deviceconstructor.o(.constdata)
 <LI><a href="#[77]">IR_EncodeUserCmdToIRProtocol_OG104AC</a> from ir_dataconverter_og104ac.o(i.IR_EncodeUserCmdToIRProtocol_OG104AC) referenced from ir_deviceconstructor.o(.constdata)
 <LI><a href="#[7b]">IR_EncodeUserCmdToIRProtocol_Olimpia136AC</a> from ir_dataconverter_olimpia136ac.o(i.IR_EncodeUserCmdToIRProtocol_Olimpia136AC) referenced from ir_deviceconstructor.o(.constdata)
 <LI><a href="#[71]">IsEnableIrTx_Funiki</a> from ir_dataconverter_funiki.o(i.IsEnableIrTx_Funiki) referenced from ir_deviceconstructor.o(.constdata)
 <LI><a href="#[69]">IsEnableIrTx_Hitachi</a> from ir_dataconverter-hitachi.o(i.IsEnableIrTx_Hitachi) referenced from ir_deviceconstructor.o(.constdata)
 <LI><a href="#[79]">IsEnableIrTx_OG104AC</a> from ir_dataconverter_og104ac.o(i.IsEnableIrTx_OG104AC) referenced from ir_deviceconstructor.o(.constdata)
 <LI><a href="#[7d]">IsEnableIrTx_Olimpia136AC</a> from ir_dataconverter_olimpia136ac.o(i.IsEnableIrTx_Olimpia136AC) referenced from ir_deviceconstructor.o(.constdata)
 <LI><a href="#[36]">MWU_IRQHandler</a> from arm_startup_nrf52.o(.text) referenced from arm_startup_nrf52.o(RESET)
 <LI><a href="#[11]">MemoryManagement_Handler</a> from arm_startup_nrf52.o(.text) referenced from arm_startup_nrf52.o(RESET)
 <LI><a href="#[1d]">NFCT_IRQHandler</a> from arm_startup_nrf52.o(.text) referenced from arm_startup_nrf52.o(RESET)
 <LI><a href="#[f]">NMI_Handler</a> from arm_startup_nrf52.o(.text) referenced from arm_startup_nrf52.o(RESET)
 <LI><a href="#[35]">PDM_IRQHandler</a> from arm_startup_nrf52.o(.text) referenced from arm_startup_nrf52.o(RESET)
 <LI><a href="#[18]">POWER_CLOCK_IRQHandler</a> from nrfx_clock.o(i.POWER_CLOCK_IRQHandler) referenced from arm_startup_nrf52.o(RESET)
 <LI><a href="#[34]">PWM0_IRQHandler</a> from arm_startup_nrf52.o(.text) referenced from arm_startup_nrf52.o(RESET)
 <LI><a href="#[37]">PWM1_IRQHandler</a> from arm_startup_nrf52.o(.text) referenced from arm_startup_nrf52.o(RESET)
 <LI><a href="#[38]">PWM2_IRQHandler</a> from arm_startup_nrf52.o(.text) referenced from arm_startup_nrf52.o(RESET)
 <LI><a href="#[16]">PendSV_Handler</a> from arm_startup_nrf52.o(.text) referenced from arm_startup_nrf52.o(RESET)
 <LI><a href="#[2a]">QDEC_IRQHandler</a> from arm_startup_nrf52.o(.text) referenced from arm_startup_nrf52.o(RESET)
 <LI><a href="#[19]">RADIO_IRQHandler</a> from arm_startup_nrf52.o(.text) referenced from arm_startup_nrf52.o(RESET)
 <LI><a href="#[25]">RNG_IRQHandler</a> from arm_startup_nrf52.o(.text) referenced from arm_startup_nrf52.o(RESET)
 <LI><a href="#[23]">RTC0_IRQHandler</a> from arm_startup_nrf52.o(.text) referenced from arm_startup_nrf52.o(RESET)
 <LI><a href="#[29]">RTC1_IRQHandler</a> from app_timer.o(i.RTC1_IRQHandler) referenced from arm_startup_nrf52.o(RESET)
 <LI><a href="#[3a]">RTC2_IRQHandler</a> from arm_startup_nrf52.o(.text) referenced from arm_startup_nrf52.o(RESET)
 <LI><a href="#[e]">Reset_Handler</a> from arm_startup_nrf52.o(.text) referenced from arm_startup_nrf52.o(RESET)
 <LI><a href="#[1f]">SAADC_IRQHandler</a> from nrfx_saadc.o(i.SAADC_IRQHandler) referenced from arm_startup_nrf52.o(RESET)
 <LI><a href="#[1b]">SPIM0_SPIS0_TWIM0_TWIS0_SPI0_TWI0_IRQHandler</a> from nrfx_twi.o(i.SPIM0_SPIS0_TWIM0_TWIS0_SPI0_TWI0_IRQHandler) referenced from nrfx_twi.o(.constdata)
 <LI><a href="#[1b]">SPIM0_SPIS0_TWIM0_TWIS0_SPI0_TWI0_IRQHandler</a> from nrfx_twi.o(i.SPIM0_SPIS0_TWIM0_TWIS0_SPI0_TWI0_IRQHandler) referenced from arm_startup_nrf52.o(RESET)
 <LI><a href="#[1c]">SPIM1_SPIS1_TWIM1_TWIS1_SPI1_TWI1_IRQHandler</a> from arm_startup_nrf52.o(.text) referenced from arm_startup_nrf52.o(RESET)
 <LI><a href="#[39]">SPIM2_SPIS2_SPI2_IRQHandler</a> from arm_startup_nrf52.o(.text) referenced from arm_startup_nrf52.o(RESET)
 <LI><a href="#[14]">SVC_Handler</a> from arm_startup_nrf52.o(.text) referenced from arm_startup_nrf52.o(RESET)
 <LI><a href="#[2c]">SWI0_EGU0_IRQHandler</a> from app_timer.o(i.SWI0_EGU0_IRQHandler) referenced from arm_startup_nrf52.o(RESET)
 <LI><a href="#[2d]">SWI1_EGU1_IRQHandler</a> from arm_startup_nrf52.o(.text) referenced from arm_startup_nrf52.o(RESET)
 <LI><a href="#[2e]">SWI2_EGU2_IRQHandler</a> from nrf_sdh.o(i.SWI2_EGU2_IRQHandler) referenced from arm_startup_nrf52.o(RESET)
 <LI><a href="#[2f]">SWI3_EGU3_IRQHandler</a> from arm_startup_nrf52.o(.text) referenced from arm_startup_nrf52.o(RESET)
 <LI><a href="#[30]">SWI4_EGU4_IRQHandler</a> from arm_startup_nrf52.o(.text) referenced from arm_startup_nrf52.o(RESET)
 <LI><a href="#[31]">SWI5_EGU5_IRQHandler</a> from arm_startup_nrf52.o(.text) referenced from arm_startup_nrf52.o(RESET)
 <LI><a href="#[72]">SetIrTxState_Funiki</a> from ir_dataconverter_funiki.o(i.SetIrTxState_Funiki) referenced from ir_deviceconstructor.o(.constdata)
 <LI><a href="#[6a]">SetIrTxState_Hitachi</a> from ir_dataconverter-hitachi.o(i.SetIrTxState_Hitachi) referenced from ir_deviceconstructor.o(.constdata)
 <LI><a href="#[7a]">SetIrTxState_OG104AC</a> from ir_dataconverter_og104ac.o(i.SetIrTxState_OG104AC) referenced from ir_deviceconstructor.o(.constdata)
 <LI><a href="#[7e]">SetIrTxState_Olimpia136AC</a> from ir_dataconverter_olimpia136ac.o(i.SetIrTxState_Olimpia136AC) referenced from ir_deviceconstructor.o(.constdata)
 <LI><a href="#[17]">SysTick_Handler</a> from main.o(i.SysTick_Handler) referenced from arm_startup_nrf52.o(RESET)
 <LI><a href="#[3e]">SystemInit</a> from system_nrf52.o(i.SystemInit) referenced from arm_startup_nrf52.o(.text)
 <LI><a href="#[24]">TEMP_IRQHandler</a> from arm_startup_nrf52.o(.text) referenced from arm_startup_nrf52.o(RESET)
 <LI><a href="#[20]">TIMER0_IRQHandler</a> from arm_startup_nrf52.o(.text) referenced from arm_startup_nrf52.o(RESET)
 <LI><a href="#[21]">TIMER1_IRQHandler</a> from main.o(i.TIMER1_IRQHandler) referenced from arm_startup_nrf52.o(RESET)
 <LI><a href="#[22]">TIMER2_IRQHandler</a> from arm_startup_nrf52.o(.text) referenced from arm_startup_nrf52.o(RESET)
 <LI><a href="#[32]">TIMER3_IRQHandler</a> from arm_startup_nrf52.o(.text) referenced from arm_startup_nrf52.o(RESET)
 <LI><a href="#[33]">TIMER4_IRQHandler</a> from ir_lib.o(i.TIMER4_IRQHandler) referenced from arm_startup_nrf52.o(RESET)
 <LI><a href="#[1a]">UARTE0_UART0_IRQHandler</a> from nrfx_prs.o(i.UARTE0_UART0_IRQHandler) referenced from arm_startup_nrf52.o(RESET)
 <LI><a href="#[13]">UsageFault_Handler</a> from arm_startup_nrf52.o(.text) referenced from arm_startup_nrf52.o(RESET)
 <LI><a href="#[28]">WDT_IRQHandler</a> from arm_startup_nrf52.o(.text) referenced from arm_startup_nrf52.o(RESET)
 <LI><a href="#[3f]">__main</a> from entry.o(.ARM.Collect$$$$00000000) referenced from arm_startup_nrf52.o(.text)
 <LI><a href="#[41]">_sbackspace</a> from _sgetc.o(.text) referenced from __0sscanf.o(.text)
 <LI><a href="#[42]">_scanf_char_input</a> from scanf_char.o(.text) referenced from scanf_char.o(.text)
 <LI><a href="#[40]">_sgetc</a> from _sgetc.o(.text) referenced from __0sscanf.o(.text)
 <LI><a href="#[45]">_sputc</a> from printfa.o(i._sputc) referenced from printfa.o(i.__0sprintf)
 <LI><a href="#[52]">app_error_fault_handler</a> from app_error_weak.o(i.app_error_fault_handler) referenced from nrf_sdh.o(i.nrf_sdh_enable_request)
 <LI><a href="#[5c]">app_rtc_timeout_handler</a> from main.o(i.app_rtc_timeout_handler) referenced from boards.o(i.timers_init)
 <LI><a href="#[4e]">apply_pending_handle</a> from gatt_cache_manager.o(i.apply_pending_handle) referenced from gatt_cache_manager.o(i.gcm_ble_evt_handler)
 <LI><a href="#[bb]">ble_advertising_on_ble_evt</a> from ble_advertising.o(i.ble_advertising_on_ble_evt) referenced from app_ble.o(sdh_ble_observers1)
 <LI><a href="#[c4]">ble_advertising_on_sys_evt</a> from ble_advertising.o(i.ble_advertising_on_sys_evt) referenced from app_ble.o(sdh_soc_observers1)
 <LI><a href="#[b9]">ble_evt_handler</a> from ble_conn_state.o(i.ble_evt_handler) referenced from ble_conn_state.o(sdh_ble_observers0)
 <LI><a href="#[bc]">ble_evt_handler</a> from ble_conn_params.o(i.ble_evt_handler) referenced 2 times from ble_conn_params.o(sdh_ble_observers1)
 <LI><a href="#[c0]">ble_evt_handler</a> from app_ble.o(i.ble_evt_handler) referenced from app_ble.o(sdh_ble_observers3)
 <LI><a href="#[be]">ble_nus_on_ble_evt</a> from ble_nus.o(i.ble_nus_on_ble_evt) referenced from app_ble.o(sdh_ble_observers2)
 <LI><a href="#[60]">car_update_pending_handle</a> from gatt_cache_manager.o(i.car_update_pending_handle) referenced from gatt_cache_manager.o(i.update_pending_flags_check)
 <LI><a href="#[4f]">clock_irq_handler</a> from nrf_drv_clock.o(i.clock_irq_handler) referenced from nrf_drv_clock.o(i.nrf_drv_clock_init)
 <LI><a href="#[4c]">conn_params_error_handler</a> from app_ble.o(i.conn_params_error_handler) referenced from app_ble.o(i.conn_params_init)
 <LI><a href="#[c]">datalog_fstorage_evt_handler</a> from app_datalog.o(i.datalog_fstorage_evt_handler) referenced 2 times from app_datalog.o(fs_data)
 <LI><a href="#[5f]">db_update_pending_handle</a> from gatt_cache_manager.o(i.db_update_pending_handle) referenced from gatt_cache_manager.o(i.update_pending_flags_check)
 <LI><a href="#[8c]">decode_Casper104</a> from ir_casper104.o(i.decode_Casper104) referenced from ir_deviceconstructor.o(.constdata)
 <LI><a href="#[9c]">decode_Casper343</a> from ir_casper343.o(i.decode_Casper343) referenced from ir_deviceconstructor.o(.constdata)
 <LI><a href="#[84]">decode_Coolix</a> from ir_coolix.o(i.decode_Coolix) referenced from ir_deviceconstructor.o(.constdata)
 <LI><a href="#[98]">decode_Daikin128</a> from ir_daikin.o(i.decode_Daikin128) referenced from ir_deviceconstructor.o(.constdata)
 <LI><a href="#[66]">decode_Daikin152</a> from ir_daikin.o(i.decode_Daikin152) referenced from ir_deviceconstructor.o(.constdata)
 <LI><a href="#[94]">decode_Daikin160</a> from ir_daikin.o(i.decode_Daikin160) referenced from ir_deviceconstructor.o(.constdata)
 <LI><a href="#[96]">decode_Daikin176</a> from ir_daikin.o(i.decode_Daikin176) referenced from ir_deviceconstructor.o(.constdata)
 <LI><a href="#[90]">decode_Daikin2</a> from ir_daikin.o(i.decode_Daikin2) referenced from ir_deviceconstructor.o(.constdata)
 <LI><a href="#[92]">decode_Daikin216</a> from ir_daikin.o(i.decode_Daikin216) referenced from ir_deviceconstructor.o(.constdata)
 <LI><a href="#[9a]">decode_Daikin64</a> from ir_daikin.o(i.decode_Daikin64) referenced from ir_deviceconstructor.o(.constdata)
 <LI><a href="#[6c]">decode_DaikinESP</a> from ir_daikin.o(i.decode_DaikinESP) referenced from ir_deviceconstructor.o(.constdata)
 <LI><a href="#[a2]">decode_Gree</a> from ir_gree.o(i.decode_Gree) referenced from ir_deviceconstructor.o(.constdata)
 <LI><a href="#[8a]">decode_LG</a> from ir_lg.o(i.decode_LG) referenced from ir_deviceconstructor.o(.constdata)
 <LI><a href="#[76]">decode_Mitsubishi112</a> from ir_mitsubishi112.o(i.decode_Mitsubishi112) referenced from ir_deviceconstructor.o(.constdata)
 <LI><a href="#[86]">decode_Mitsubishi136</a> from ir_mitsubishi136.o(i.decode_Mitsubishi136) referenced from ir_deviceconstructor.o(.constdata)
 <LI><a href="#[74]">decode_Mitsubishi144</a> from ir_mitsubishi144.o(i.decode_Mitsubishi144) referenced from ir_deviceconstructor.o(.constdata)
 <LI><a href="#[8e]">decode_MitsubishiHeavy</a> from ir_mitsubishiheavy.o(i.decode_MitsubishiHeavy) referenced 2 times from ir_deviceconstructor.o(.constdata)
 <LI><a href="#[6e]">decode_PanasonicAc</a> from ir_panasonic.o(i.decode_PanasonicAc) referenced from ir_deviceconstructor.o(.constdata)
 <LI><a href="#[88]">decode_PanasonicAc32</a> from ir_panasonic32.o(i.decode_PanasonicAc32) referenced 2 times from ir_deviceconstructor.o(.constdata)
 <LI><a href="#[9e]">decode_ReetechAc</a> from ir_reetech.o(i.decode_ReetechAc) referenced from ir_deviceconstructor.o(.constdata)
 <LI><a href="#[a4]">decode_Samsung</a> from ir_samsung.o(i.decode_Samsung) referenced from ir_deviceconstructor.o(.constdata)
 <LI><a href="#[82]">decode_Sanyo</a> from ir_sanyo.o(i.decode_Sanyo) referenced from ir_deviceconstructor.o(.constdata)
 <LI><a href="#[80]">decode_Sharp</a> from ir_sharp.o(i.decode_Sharp) referenced from ir_deviceconstructor.o(.constdata)
 <LI><a href="#[62]">decode_ToshibaAc</a> from ir_toshiba.o(i.decode_ToshibaAc) referenced from ir_deviceconstructor.o(.constdata)
 <LI><a href="#[a0]">decode_VestelAc</a> from ir_vestel.o(i.decode_VestelAc) referenced from ir_deviceconstructor.o(.constdata)
 <LI><a href="#[8b]">encode_Casper104</a> from ir_casper104.o(i.encode_Casper104) referenced from ir_deviceconstructor.o(.constdata)
 <LI><a href="#[9b]">encode_Casper343</a> from ir_casper343.o(i.encode_Casper343) referenced from ir_deviceconstructor.o(.constdata)
 <LI><a href="#[83]">encode_Coolix</a> from ir_coolix.o(i.encode_Coolix) referenced from ir_deviceconstructor.o(.constdata)
 <LI><a href="#[97]">encode_Daikin128</a> from ir_daikin.o(i.encode_Daikin128) referenced from ir_deviceconstructor.o(.constdata)
 <LI><a href="#[65]">encode_Daikin152</a> from ir_daikin.o(i.encode_Daikin152) referenced from ir_deviceconstructor.o(.constdata)
 <LI><a href="#[93]">encode_Daikin160</a> from ir_daikin.o(i.encode_Daikin160) referenced from ir_deviceconstructor.o(.constdata)
 <LI><a href="#[95]">encode_Daikin176</a> from ir_daikin.o(i.encode_Daikin176) referenced from ir_deviceconstructor.o(.constdata)
 <LI><a href="#[8f]">encode_Daikin2</a> from ir_daikin.o(i.encode_Daikin2) referenced from ir_deviceconstructor.o(.constdata)
 <LI><a href="#[91]">encode_Daikin216</a> from ir_daikin.o(i.encode_Daikin216) referenced from ir_deviceconstructor.o(.constdata)
 <LI><a href="#[99]">encode_Daikin64</a> from ir_daikin.o(i.encode_Daikin64) referenced from ir_deviceconstructor.o(.constdata)
 <LI><a href="#[6b]">encode_DaikinESP</a> from ir_daikin.o(i.encode_DaikinESP) referenced from ir_deviceconstructor.o(.constdata)
 <LI><a href="#[a1]">encode_Gree</a> from ir_gree.o(i.encode_Gree) referenced from ir_deviceconstructor.o(.constdata)
 <LI><a href="#[89]">encode_LG</a> from ir_lg.o(i.encode_LG) referenced from ir_deviceconstructor.o(.constdata)
 <LI><a href="#[75]">encode_Mitsubishi112</a> from ir_mitsubishi112.o(i.encode_Mitsubishi112) referenced from ir_deviceconstructor.o(.constdata)
 <LI><a href="#[85]">encode_Mitsubishi136</a> from ir_mitsubishi136.o(i.encode_Mitsubishi136) referenced from ir_deviceconstructor.o(.constdata)
 <LI><a href="#[73]">encode_Mitsubishi144</a> from ir_mitsubishi144.o(i.encode_Mitsubishi144) referenced from ir_deviceconstructor.o(.constdata)
 <LI><a href="#[8d]">encode_MitsubishiHeavy</a> from ir_mitsubishiheavy.o(i.encode_MitsubishiHeavy) referenced 2 times from ir_deviceconstructor.o(.constdata)
 <LI><a href="#[6d]">encode_PanasonicAc</a> from ir_panasonic.o(i.encode_PanasonicAc) referenced from ir_deviceconstructor.o(.constdata)
 <LI><a href="#[87]">encode_PanasonicAc32</a> from ir_panasonic32.o(i.encode_PanasonicAc32) referenced 2 times from ir_deviceconstructor.o(.constdata)
 <LI><a href="#[9d]">encode_ReetechAc</a> from ir_reetech.o(i.encode_ReetechAc) referenced from ir_deviceconstructor.o(.constdata)
 <LI><a href="#[a3]">encode_Samsung</a> from ir_samsung.o(i.encode_Samsung) referenced from ir_deviceconstructor.o(.constdata)
 <LI><a href="#[81]">encode_Sanyo</a> from ir_sanyo.o(i.encode_Sanyo) referenced from ir_deviceconstructor.o(.constdata)
 <LI><a href="#[7f]">encode_Sharp</a> from ir_sharp.o(i.encode_Sharp) referenced from ir_deviceconstructor.o(.constdata)
 <LI><a href="#[61]">encode_ToshibaAc</a> from ir_toshiba.o(i.encode_ToshibaAc) referenced from ir_deviceconstructor.o(.constdata)
 <LI><a href="#[9f]">encode_VestelAc</a> from ir_vestel.o(i.encode_VestelAc) referenced from ir_deviceconstructor.o(.constdata)
 <LI><a href="#[54]">end_timer_handler</a> from timeslot_handler.o(i.end_timer_handler) referenced from timeslot_handler.o(i.radio_signal_callback)
 <LI><a href="#[b2]">erase</a> from nrf_fstorage_sd.o(i.erase) referenced from nrf_fstorage_sd.o(.constdata)
 <LI><a href="#[8]">exit_state</a> from data_transmit_fsm.o(i.exit_state) referenced 2 times from data_transmit_fsm.o(.data)
 <LI><a href="#[d]">fs_event_handler</a> from fds.o(i.fs_event_handler) referenced 2 times from fds.o(fs_data)
 <LI><a href="#[b]">fstorage_evt_handler</a> from nrf_use_flash.o(i.fstorage_evt_handler) referenced 2 times from nrf_use_flash.o(fs_data)
 <LI><a href="#[4d]">gatt_evt_handler</a> from app_ble.o(i.gatt_evt_handler) referenced from app_ble.o(i.gatt_init)
 <LI><a href="#[ad]">gcm_im_evt_handler</a> from gatt_cache_manager.o(i.gcm_im_evt_handler) referenced from id_manager.o(.constdata)
 <LI><a href="#[a9]">gcm_pdb_evt_handler</a> from gatt_cache_manager.o(i.gcm_pdb_evt_handler) referenced from peer_database.o(.constdata)
 <LI><a href="#[4a]">gpiote_btn0_event_handler</a> from btn.o(i.gpiote_btn0_event_handler) referenced from btn.o(i.btn_init)
 <LI><a href="#[47]">gpiote_handler</a> from app_gpiote.o(i.gpiote_handler) referenced from app_gpiote.o(i.app_gpiote_user_register)
 <LI><a href="#[a8]">gscm_pdb_evt_handler</a> from gatts_cache_manager.o(i.gscm_pdb_evt_handler) referenced from peer_database.o(.constdata)
 <LI><a href="#[ae]">init</a> from nrf_fstorage_sd.o(i.init) referenced from nrf_fstorage_sd.o(.constdata)
 <LI><a href="#[3]">ir_exit_state</a> from ir_learning_fsm.o(i.ir_exit_state) referenced 2 times from ir_learning_fsm.o(.data)
 <LI><a href="#[63]">isIrTxEnable</a> from ir_common.o(i.isIrTxEnable) referenced 27 times from ir_deviceconstructor.o(.constdata)
 <LI><a href="#[b5]">is_busy</a> from nrf_fstorage_sd.o(i.is_busy) referenced from nrf_fstorage_sd.o(.constdata)
 <LI><a href="#[43]">isspace</a> from isspace_o.o(.text) referenced from scanf_char.o(.text)
 <LI><a href="#[5b]">link_secure_pending_handle</a> from security_manager.o(i.link_secure_pending_handle) referenced from security_manager.o(i.sm_ble_evt_handler)
 <LI><a href="#[5b]">link_secure_pending_handle</a> from security_manager.o(i.link_secure_pending_handle) referenced from security_manager.o(i.sm_pdb_evt_handler)
 <LI><a href="#[3d]">main</a> from main.o(i.main) referenced from entry9a.o(.ARM.Collect$$$$0000000B)
 <LI><a href="#[ba]">nrf_ble_gatt_on_ble_evt</a> from nrf_ble_gatt.o(i.nrf_ble_gatt_on_ble_evt) referenced from app_ble.o(sdh_ble_observers1)
 <LI><a href="#[bf]">nrf_ble_qwr_on_ble_evt</a> from nrf_ble_qwr.o(i.nrf_ble_qwr_on_ble_evt) referenced from app_ble.o(sdh_ble_observers2)
 <LI><a href="#[c1]">nrf_fstorage_sdh_req_handler</a> from nrf_fstorage_sd.o(i.nrf_fstorage_sdh_req_handler) referenced from nrf_fstorage_sd.o(sdh_req_observers0)
 <LI><a href="#[c9]">nrf_fstorage_sdh_state_handler</a> from nrf_fstorage_sd.o(i.nrf_fstorage_sdh_state_handler) referenced from nrf_fstorage_sd.o(sdh_state_observers0)
 <LI><a href="#[c3]">nrf_fstorage_sys_evt_handler</a> from nrf_fstorage_sd.o(i.nrf_fstorage_sys_evt_handler) referenced from nrf_fstorage_sd.o(sdh_soc_observers0)
 <LI><a href="#[b8]">nrf_log_backend_rtt_flush</a> from nrf_log_backend_rtt.o(i.nrf_log_backend_rtt_flush) referenced from nrf_log_backend_rtt.o(.constdata)
 <LI><a href="#[b7]">nrf_log_backend_rtt_panic_set</a> from nrf_log_backend_rtt.o(i.nrf_log_backend_rtt_panic_set) referenced from nrf_log_backend_rtt.o(.constdata)
 <LI><a href="#[b6]">nrf_log_backend_rtt_put</a> from nrf_log_backend_rtt.o(i.nrf_log_backend_rtt_put) referenced from nrf_log_backend_rtt.o(.constdata)
 <LI><a href="#[57]">nrf_qwr_error_handler</a> from app_ble.o(i.nrf_qwr_error_handler) referenced from app_ble.o(i.services_init)
 <LI><a href="#[c6]">nrf_sdh_ble_evts_poll</a> from nrf_sdh_ble.o(i.nrf_sdh_ble_evts_poll) referenced from nrf_sdh_ble.o(sdh_stack_observers0)
 <LI><a href="#[c7]">nrf_sdh_soc_evts_poll</a> from nrf_sdh_soc.o(i.nrf_sdh_soc_evts_poll) referenced from nrf_sdh_soc.o(sdh_stack_observers0)
 <LI><a href="#[58]">nus_data_handler</a> from app_ble.o(i.nus_data_handler) referenced from app_ble.o(i.services_init)
 <LI><a href="#[46]">on_adv_evt</a> from app_ble.o(i.on_adv_evt) referenced from app_ble.o(i.advertising_init)
 <LI><a href="#[4b]">on_conn_params_evt</a> from app_ble.o(i.on_conn_params_evt) referenced from app_ble.o(i.conn_params_init)
 <LI><a href="#[5a]">params_reply_pending_handle</a> from security_manager.o(i.params_reply_pending_handle) referenced from security_manager.o(i.sm_ble_evt_handler)
 <LI><a href="#[5a]">params_reply_pending_handle</a> from security_manager.o(i.params_reply_pending_handle) referenced from security_manager.o(i.sm_pdb_evt_handler)
 <LI><a href="#[a5]">pdb_pds_evt_handler</a> from peer_database.o(i.pdb_pds_evt_handler) referenced from peer_data_storage.o(.constdata)
 <LI><a href="#[9]">pm_gcm_evt_handler</a> from peer_manager.o(i.pm_gcm_evt_handler) referenced 2 times from gatt_cache_manager.o(.data)
 <LI><a href="#[a]">pm_gscm_evt_handler</a> from peer_manager.o(i.pm_gscm_evt_handler) referenced 2 times from gatts_cache_manager.o(.data)
 <LI><a href="#[ac]">pm_im_evt_handler</a> from peer_manager.o(i.pm_im_evt_handler) referenced from id_manager.o(.constdata)
 <LI><a href="#[a6]">pm_pdb_evt_handler</a> from peer_manager.o(i.pm_pdb_evt_handler) referenced from peer_database.o(.constdata)
 <LI><a href="#[ab]">pm_sm_evt_handler</a> from peer_manager.o(i.pm_sm_evt_handler) referenced from security_manager.o(.constdata)
 <LI><a href="#[5d]">radio_signal_callback</a> from timeslot_handler.o(i.radio_signal_callback) referenced from timeslot_handler.o(i.timeslot_handler_init)
 <LI><a href="#[b0]">read</a> from nrf_fstorage_sd.o(i.read) referenced from nrf_fstorage_sd.o(.constdata)
 <LI><a href="#[b3]">rmap</a> from nrf_fstorage_sd.o(i.rmap) referenced from nrf_fstorage_sd.o(.constdata)
 <LI><a href="#[59]">rx_abort_cb</a> from radio_control.o(i.rx_abort_cb) referenced from radio_control.o(i.setup_rx_timeout)
 <LI><a href="#[55]">saadc_event_handler</a> from adc_task.o(i.saadc_event_handler) referenced from adc_task.o(i.saadc_init)
 <LI><a href="#[56]">sc_send_pending_handle</a> from gatt_cache_manager.o(i.sc_send_pending_handle) referenced from gatt_cache_manager.o(i.service_changed_pending_flags_check)
 <LI><a href="#[c8]">sd_state_evt_handler</a> from nrf_drv_clock.o(i.sd_state_evt_handler) referenced from nrf_drv_clock.o(sdh_state_observers0)
 <LI><a href="#[53]">search_callback</a> from transport_control.o(i.search_callback) referenced from transport_control.o(i.order_search)
 <LI><a href="#[51]">serial_tx</a> from nrf_log_backend_rtt.o(i.serial_tx) referenced from nrf_log_backend_rtt.o(i.nrf_log_backend_rtt_put)
 <LI><a href="#[64]">setIrTxState</a> from ir_common.o(i.setIrTxState) referenced 27 times from ir_deviceconstructor.o(.constdata)
 <LI><a href="#[a7]">sm_pdb_evt_handler</a> from security_manager.o(i.sm_pdb_evt_handler) referenced from peer_database.o(.constdata)
 <LI><a href="#[aa]">sm_smd_evt_handler</a> from security_manager.o(i.sm_smd_evt_handler) referenced from security_dispatcher.o(.constdata)
 <LI><a href="#[c2]">soc_evt_handler</a> from nrf_drv_clock.o(i.soc_evt_handler) referenced from nrf_drv_clock.o(sdh_soc_observers0)
 <LI><a href="#[0]">standby_state</a> from ir_learning_fsm.o(i.standby_state) referenced 4 times from ir_learning_fsm.o(.data)
 <LI><a href="#[1]">start_state</a> from ir_learning_fsm.o(i.start_state) referenced 4 times from ir_learning_fsm.o(.data)
 <LI><a href="#[c5]">sys_evt_dispatch</a> from app_ble.o(i.sys_evt_dispatch) referenced from app_ble.o(sdh_soc_observers1)
 <LI><a href="#[49]">tag_button_timeout_handler</a> from btn.o(i.tag_button_timeout_handler) referenced from btn.o(i.btn_init)
 <LI><a href="#[2]">transmit_data_state</a> from ir_learning_fsm.o(i.transmit_data_state) referenced 2 times from ir_learning_fsm.o(.data)
 <LI><a href="#[6]">transmit_state</a> from data_transmit_fsm.o(i.transmit_state) referenced 2 times from data_transmit_fsm.o(.data)
 <LI><a href="#[5e]">trickle_step_callback</a> from transport_control.o(i.trickle_step_callback) referenced from transport_control.o(i.transport_control_step)
 <LI><a href="#[5e]">trickle_step_callback</a> from transport_control.o(i.trickle_step_callback) referenced from transport_control.o(i.trickle_step_callback)
 <LI><a href="#[50]">twi_evt_handler</a> from nrf_drv_twi.o(i.twi_evt_handler) referenced from nrf_drv_twi.o(i.nrf_drv_twi_init)
 <LI><a href="#[af]">uninit</a> from nrf_fstorage_sd.o(i.uninit) referenced from nrf_fstorage_sd.o(.constdata)
 <LI><a href="#[48]">update_timeout_handler</a> from ble_conn_params.o(i.update_timeout_handler) referenced from ble_conn_params.o(i.ble_conn_params_init)
 <LI><a href="#[7]">wait_state</a> from data_transmit_fsm.o(i.wait_state) referenced 2 times from data_transmit_fsm.o(.data)
 <LI><a href="#[b4]">wmap</a> from nrf_fstorage_sd.o(i.wmap) referenced from nrf_fstorage_sd.o(.constdata)
 <LI><a href="#[b1]">write</a> from nrf_fstorage_sd.o(i.write) referenced from nrf_fstorage_sd.o(.constdata)
</UL>
<P>
<H3>
Global Symbols
</H3>
<P><STRONG><a name="[3f]"></a>__main</STRONG> (Thumb, 0 bytes, Stack size unknown bytes, entry.o(.ARM.Collect$$$$00000000))
<BR>[Address Reference Count : 1]<UL><LI> arm_startup_nrf52.o(.text)
</UL>
<P><STRONG><a name="[6d3]"></a>_main_stk</STRONG> (Thumb, 0 bytes, Stack size unknown bytes, entry2.o(.ARM.Collect$$$$00000001))

<P><STRONG><a name="[ca]"></a>_main_scatterload</STRONG> (Thumb, 0 bytes, Stack size unknown bytes, entry5.o(.ARM.Collect$$$$00000004))
<BR><BR>[Calls]<UL><LI><a href="#[cb]">&gt;&gt;</a>&nbsp;&nbsp;&nbsp;__scatterload
</UL>

<P><STRONG><a name="[ea]"></a>__main_after_scatterload</STRONG> (Thumb, 0 bytes, Stack size unknown bytes, entry5.o(.ARM.Collect$$$$00000004))
<BR><BR>[Called By]<UL><LI><a href="#[cb]">&gt;&gt;</a>&nbsp;&nbsp;&nbsp;__scatterload
</UL>

<P><STRONG><a name="[6d4]"></a>_main_clock</STRONG> (Thumb, 0 bytes, Stack size unknown bytes, entry7b.o(.ARM.Collect$$$$00000008))

<P><STRONG><a name="[6d5]"></a>_main_cpp_init</STRONG> (Thumb, 0 bytes, Stack size unknown bytes, entry8b.o(.ARM.Collect$$$$0000000A))

<P><STRONG><a name="[6d6]"></a>_main_init</STRONG> (Thumb, 0 bytes, Stack size unknown bytes, entry9a.o(.ARM.Collect$$$$0000000B))

<P><STRONG><a name="[6d7]"></a>__rt_lib_shutdown_fini</STRONG> (Thumb, 0 bytes, Stack size unknown bytes, entry12b.o(.ARM.Collect$$$$0000000E))

<P><STRONG><a name="[6d8]"></a>__rt_final_cpp</STRONG> (Thumb, 0 bytes, Stack size unknown bytes, entry10a.o(.ARM.Collect$$$$0000000F))

<P><STRONG><a name="[6d9]"></a>__rt_final_exit</STRONG> (Thumb, 0 bytes, Stack size unknown bytes, entry11a.o(.ARM.Collect$$$$00000011))

<P><STRONG><a name="[cc]"></a>app_error_handler</STRONG> (Thumb, 26 bytes, Stack size 0 bytes, app_error_handler_keil.o(.emb_text))
<BR><BR>[Stack]<UL><LI>Max Depth = 344<LI>Call Chain = app_error_handler &rArr; app_error_fault_handler &rArr; nrf_log_frontend_std_5 &rArr; std_n &rArr; nrf_log_frontend_dequeue &rArr; nrf_memobj_alloc &rArr; nrf_memobj_free &rArr; nrf_balloc_free &rArr; app_util_critical_region_enter &rArr; sd_nvic_critical_region_enter
</UL>
<BR>[Calls]<UL><LI><a href="#[52]">&gt;&gt;</a>&nbsp;&nbsp;&nbsp;app_error_fault_handler
</UL>
<BR>[Called By]<UL><LI><a href="#[4a]">&gt;&gt;</a>&nbsp;&nbsp;&nbsp;gpiote_btn0_event_handler
<LI><a href="#[395]">&gt;&gt;</a>&nbsp;&nbsp;&nbsp;btn_init
<LI><a href="#[124]">&gt;&gt;</a>&nbsp;&nbsp;&nbsp;nrf_use_flash_init
<LI><a href="#[578]">&gt;&gt;</a>&nbsp;&nbsp;&nbsp;log_init
<LI><a href="#[2ed]">&gt;&gt;</a>&nbsp;&nbsp;&nbsp;saadc_init
<LI><a href="#[55]">&gt;&gt;</a>&nbsp;&nbsp;&nbsp;saadc_event_handler
<LI><a href="#[364]">&gt;&gt;</a>&nbsp;&nbsp;&nbsp;gatt_init
<LI><a href="#[2fa]">&gt;&gt;</a>&nbsp;&nbsp;&nbsp;advertising_start
<LI><a href="#[365]">&gt;&gt;</a>&nbsp;&nbsp;&nbsp;services_init
<LI><a href="#[4b]">&gt;&gt;</a>&nbsp;&nbsp;&nbsp;on_conn_params_evt
<LI><a href="#[57]">&gt;&gt;</a>&nbsp;&nbsp;&nbsp;nrf_qwr_error_handler
<LI><a href="#[363]">&gt;&gt;</a>&nbsp;&nbsp;&nbsp;gap_params_init
<LI><a href="#[366]">&gt;&gt;</a>&nbsp;&nbsp;&nbsp;conn_params_init
<LI><a href="#[4c]">&gt;&gt;</a>&nbsp;&nbsp;&nbsp;conn_params_error_handler
<LI><a href="#[362]">&gt;&gt;</a>&nbsp;&nbsp;&nbsp;ble_stack_init
<LI><a href="#[c0]">&gt;&gt;</a>&nbsp;&nbsp;&nbsp;ble_evt_handler
<LI><a href="#[2f7]">&gt;&gt;</a>&nbsp;&nbsp;&nbsp;advertising_init
<LI><a href="#[594]">&gt;&gt;</a>&nbsp;&nbsp;&nbsp;mesh_enable_all_handle
<LI><a href="#[584]">&gt;&gt;</a>&nbsp;&nbsp;&nbsp;mesh_app_init
<LI><a href="#[3cc]">&gt;&gt;</a>&nbsp;&nbsp;&nbsp;datalog_nrf_use_flash_init
<LI><a href="#[69e]">&gt;&gt;</a>&nbsp;&nbsp;&nbsp;twi_init
<LI><a href="#[337]">&gt;&gt;</a>&nbsp;&nbsp;&nbsp;application_timers_start
<LI><a href="#[b9]">&gt;&gt;</a>&nbsp;&nbsp;&nbsp;ble_evt_handler
<LI><a href="#[390]">&gt;&gt;</a>&nbsp;&nbsp;&nbsp;timers_init
<LI><a href="#[374]">&gt;&gt;</a>&nbsp;&nbsp;&nbsp;sys_id_encode
<LI><a href="#[375]">&gt;&gt;</a>&nbsp;&nbsp;&nbsp;pnp_id_encode
<LI><a href="#[373]">&gt;&gt;</a>&nbsp;&nbsp;&nbsp;char_add
<LI><a href="#[c7]">&gt;&gt;</a>&nbsp;&nbsp;&nbsp;nrf_sdh_soc_evts_poll
<LI><a href="#[c6]">&gt;&gt;</a>&nbsp;&nbsp;&nbsp;nrf_sdh_ble_evts_poll
<LI><a href="#[5fe]">&gt;&gt;</a>&nbsp;&nbsp;&nbsp;softdevices_evt_irq_enable
<LI><a href="#[5fd]">&gt;&gt;</a>&nbsp;&nbsp;&nbsp;softdevice_evt_irq_disable
<LI><a href="#[5d]">&gt;&gt;</a>&nbsp;&nbsp;&nbsp;radio_signal_callback
<LI><a href="#[500]">&gt;&gt;</a>&nbsp;&nbsp;&nbsp;event_fifo_put
<LI><a href="#[675]">&gt;&gt;</a>&nbsp;&nbsp;&nbsp;timer_order_cb_sync_exec
<LI><a href="#[6af]">&gt;&gt;</a>&nbsp;&nbsp;&nbsp;timer_order_cb
<LI><a href="#[67c]">&gt;&gt;</a>&nbsp;&nbsp;&nbsp;timeslot_handler_init
<LI><a href="#[671]">&gt;&gt;</a>&nbsp;&nbsp;&nbsp;timer_order_ppi
<LI><a href="#[69d]">&gt;&gt;</a>&nbsp;&nbsp;&nbsp;timer_order_cb_ppi
<LI><a href="#[66f]">&gt;&gt;</a>&nbsp;&nbsp;&nbsp;timer_get_timestamp
<LI><a href="#[66b]">&gt;&gt;</a>&nbsp;&nbsp;&nbsp;radio_fifo_put
<LI><a href="#[5a0]">&gt;&gt;</a>&nbsp;&nbsp;&nbsp;trickle_setup
<LI><a href="#[394]">&gt;&gt;</a>&nbsp;&nbsp;&nbsp;ctrl_timeslot_order
</UL>

<P><STRONG><a name="[5ae]"></a>__asm___12_nrf_atfifo_c_51f461e1__nrf_atfifo_wspace_req</STRONG> (Thumb, 56 bytes, Stack size 0 bytes, nrf_atfifo.o(.emb_text))
<BR><BR>[Called By]<UL><LI><a href="#[4f7]">&gt;&gt;</a>&nbsp;&nbsp;&nbsp;nrf_atfifo_item_alloc
</UL>

<P><STRONG><a name="[cd]"></a>__asm___12_nrf_atfifo_c_51f461e1__nrf_atfifo_wspace_close</STRONG> (Thumb, 18 bytes, Stack size 0 bytes, nrf_atfifo.o(.emb_text))
<BR><BR>[Calls]<UL><LI><a href="#[cd]">&gt;&gt;</a>&nbsp;&nbsp;&nbsp;__asm___12_nrf_atfifo_c_51f461e1__nrf_atfifo_wspace_close
</UL>
<BR>[Called By]<UL><LI><a href="#[4f8]">&gt;&gt;</a>&nbsp;&nbsp;&nbsp;nrf_atfifo_item_put
<LI><a href="#[cd]">&gt;&gt;</a>&nbsp;&nbsp;&nbsp;__asm___12_nrf_atfifo_c_51f461e1__nrf_atfifo_wspace_close
</UL>

<P><STRONG><a name="[5b1]"></a>__asm___12_nrf_atfifo_c_51f461e1__nrf_atfifo_rspace_req</STRONG> (Thumb, 58 bytes, Stack size 0 bytes, nrf_atfifo.o(.emb_text))
<BR><BR>[Called By]<UL><LI><a href="#[5b0]">&gt;&gt;</a>&nbsp;&nbsp;&nbsp;nrf_atfifo_item_get
</UL>

<P><STRONG><a name="[ce]"></a>__asm___12_nrf_atfifo_c_51f461e1__nrf_atfifo_rspace_close</STRONG> (Thumb, 18 bytes, Stack size 0 bytes, nrf_atfifo.o(.emb_text))
<BR><BR>[Calls]<UL><LI><a href="#[ce]">&gt;&gt;</a>&nbsp;&nbsp;&nbsp;__asm___12_nrf_atfifo_c_51f461e1__nrf_atfifo_rspace_close
</UL>
<BR>[Called By]<UL><LI><a href="#[5af]">&gt;&gt;</a>&nbsp;&nbsp;&nbsp;nrf_atfifo_item_free
<LI><a href="#[ce]">&gt;&gt;</a>&nbsp;&nbsp;&nbsp;__asm___12_nrf_atfifo_c_51f461e1__nrf_atfifo_rspace_close
</UL>

<P><STRONG><a name="[5ad]"></a>__asm___12_nrf_atfifo_c_51f461e1__nrf_atfifo_space_clear</STRONG> (Thumb, 50 bytes, Stack size 0 bytes, nrf_atfifo.o(.emb_text))
<BR><BR>[Called By]<UL><LI><a href="#[5ac]">&gt;&gt;</a>&nbsp;&nbsp;&nbsp;nrf_atfifo_clear
</UL>

<P><STRONG><a name="[5ba]"></a>__asm___12_nrf_atomic_c_85ca2469__nrf_atomic_internal_mov</STRONG> (Thumb, 24 bytes, Stack size 0 bytes, nrf_atomic.o(.emb_text))
<BR><BR>[Called By]<UL><LI><a href="#[3d4]">&gt;&gt;</a>&nbsp;&nbsp;&nbsp;nrf_atomic_u32_fetch_store
</UL>

<P><STRONG><a name="[5b9]"></a>__asm___12_nrf_atomic_c_85ca2469__nrf_atomic_internal_orr</STRONG> (Thumb, 26 bytes, Stack size 0 bytes, nrf_atomic.o(.emb_text))
<BR><BR>[Called By]<UL><LI><a href="#[5b4]">&gt;&gt;</a>&nbsp;&nbsp;&nbsp;nrf_atomic_u32_or
<LI><a href="#[5b3]">&gt;&gt;</a>&nbsp;&nbsp;&nbsp;nrf_atomic_u32_fetch_or
</UL>

<P><STRONG><a name="[5b7]"></a>__asm___12_nrf_atomic_c_85ca2469__nrf_atomic_internal_and</STRONG> (Thumb, 26 bytes, Stack size 0 bytes, nrf_atomic.o(.emb_text))
<BR><BR>[Called By]<UL><LI><a href="#[5b2]">&gt;&gt;</a>&nbsp;&nbsp;&nbsp;nrf_atomic_u32_and
<LI><a href="#[5b5]">&gt;&gt;</a>&nbsp;&nbsp;&nbsp;nrf_atomic_u32_fetch_and
</UL>

<P><STRONG><a name="[6da]"></a>__asm___12_nrf_atomic_c_85ca2469__nrf_atomic_internal_eor</STRONG> (Thumb, 26 bytes, Stack size 0 bytes, nrf_atomic.o(.emb_text), UNUSED)

<P><STRONG><a name="[5b6]"></a>__asm___12_nrf_atomic_c_85ca2469__nrf_atomic_internal_add</STRONG> (Thumb, 26 bytes, Stack size 0 bytes, nrf_atomic.o(.emb_text))
<BR><BR>[Called By]<UL><LI><a href="#[5b8]">&gt;&gt;</a>&nbsp;&nbsp;&nbsp;nrf_atomic_u32_fetch_add
<LI><a href="#[397]">&gt;&gt;</a>&nbsp;&nbsp;&nbsp;nrf_atomic_u32_add
</UL>

<P><STRONG><a name="[5bc]"></a>__asm___12_nrf_atomic_c_85ca2469__nrf_atomic_internal_sub</STRONG> (Thumb, 26 bytes, Stack size 0 bytes, nrf_atomic.o(.emb_text))
<BR><BR>[Called By]<UL><LI><a href="#[5bb]">&gt;&gt;</a>&nbsp;&nbsp;&nbsp;nrf_atomic_u32_sub
</UL>

<P><STRONG><a name="[6db]"></a>__asm___12_nrf_atomic_c_85ca2469__nrf_atomic_internal_cmp_exch</STRONG> (Thumb, 42 bytes, Stack size 0 bytes, nrf_atomic.o(.emb_text), UNUSED)

<P><STRONG><a name="[6dc]"></a>__asm___12_nrf_atomic_c_85ca2469__nrf_atomic_internal_sub_hs</STRONG> (Thumb, 30 bytes, Stack size 0 bytes, nrf_atomic.o(.emb_text), UNUSED)

<P><STRONG><a name="[e]"></a>Reset_Handler</STRONG> (Thumb, 8 bytes, Stack size 0 bytes, arm_startup_nrf52.o(.text))
<BR>[Address Reference Count : 1]<UL><LI> arm_startup_nrf52.o(RESET)
</UL>
<P><STRONG><a name="[f]"></a>NMI_Handler</STRONG> (Thumb, 2 bytes, Stack size 0 bytes, arm_startup_nrf52.o(.text))
<BR><BR>[Calls]<UL><LI><a href="#[f]">&gt;&gt;</a>&nbsp;&nbsp;&nbsp;NMI_Handler
</UL>
<BR>[Called By]<UL><LI><a href="#[f]">&gt;&gt;</a>&nbsp;&nbsp;&nbsp;NMI_Handler
</UL>
<BR>[Address Reference Count : 1]<UL><LI> arm_startup_nrf52.o(RESET)
</UL>
<P><STRONG><a name="[11]"></a>MemoryManagement_Handler</STRONG> (Thumb, 2 bytes, Stack size 0 bytes, arm_startup_nrf52.o(.text))
<BR><BR>[Calls]<UL><LI><a href="#[11]">&gt;&gt;</a>&nbsp;&nbsp;&nbsp;MemoryManagement_Handler
</UL>
<BR>[Called By]<UL><LI><a href="#[11]">&gt;&gt;</a>&nbsp;&nbsp;&nbsp;MemoryManagement_Handler
</UL>
<BR>[Address Reference Count : 1]<UL><LI> arm_startup_nrf52.o(RESET)
</UL>
<P><STRONG><a name="[12]"></a>BusFault_Handler</STRONG> (Thumb, 2 bytes, Stack size 0 bytes, arm_startup_nrf52.o(.text))
<BR><BR>[Calls]<UL><LI><a href="#[12]">&gt;&gt;</a>&nbsp;&nbsp;&nbsp;BusFault_Handler
</UL>
<BR>[Called By]<UL><LI><a href="#[12]">&gt;&gt;</a>&nbsp;&nbsp;&nbsp;BusFault_Handler
</UL>
<BR>[Address Reference Count : 1]<UL><LI> arm_startup_nrf52.o(RESET)
</UL>
<P><STRONG><a name="[13]"></a>UsageFault_Handler</STRONG> (Thumb, 2 bytes, Stack size 0 bytes, arm_startup_nrf52.o(.text))
<BR><BR>[Calls]<UL><LI><a href="#[13]">&gt;&gt;</a>&nbsp;&nbsp;&nbsp;UsageFault_Handler
</UL>
<BR>[Called By]<UL><LI><a href="#[13]">&gt;&gt;</a>&nbsp;&nbsp;&nbsp;UsageFault_Handler
</UL>
<BR>[Address Reference Count : 1]<UL><LI> arm_startup_nrf52.o(RESET)
</UL>
<P><STRONG><a name="[14]"></a>SVC_Handler</STRONG> (Thumb, 2 bytes, Stack size 0 bytes, arm_startup_nrf52.o(.text))
<BR><BR>[Calls]<UL><LI><a href="#[14]">&gt;&gt;</a>&nbsp;&nbsp;&nbsp;SVC_Handler
</UL>
<BR>[Called By]<UL><LI><a href="#[14]">&gt;&gt;</a>&nbsp;&nbsp;&nbsp;SVC_Handler
</UL>
<BR>[Address Reference Count : 1]<UL><LI> arm_startup_nrf52.o(RESET)
</UL>
<P><STRONG><a name="[15]"></a>DebugMon_Handler</STRONG> (Thumb, 2 bytes, Stack size 0 bytes, arm_startup_nrf52.o(.text))
<BR><BR>[Calls]<UL><LI><a href="#[15]">&gt;&gt;</a>&nbsp;&nbsp;&nbsp;DebugMon_Handler
</UL>
<BR>[Called By]<UL><LI><a href="#[15]">&gt;&gt;</a>&nbsp;&nbsp;&nbsp;DebugMon_Handler
</UL>
<BR>[Address Reference Count : 1]<UL><LI> arm_startup_nrf52.o(RESET)
</UL>
<P><STRONG><a name="[16]"></a>PendSV_Handler</STRONG> (Thumb, 2 bytes, Stack size 0 bytes, arm_startup_nrf52.o(.text))
<BR><BR>[Calls]<UL><LI><a href="#[16]">&gt;&gt;</a>&nbsp;&nbsp;&nbsp;PendSV_Handler
</UL>
<BR>[Called By]<UL><LI><a href="#[16]">&gt;&gt;</a>&nbsp;&nbsp;&nbsp;PendSV_Handler
</UL>
<BR>[Address Reference Count : 1]<UL><LI> arm_startup_nrf52.o(RESET)
</UL>
<P><STRONG><a name="[27]"></a>CCM_AAR_IRQHandler</STRONG> (Thumb, 0 bytes, Stack size 0 bytes, arm_startup_nrf52.o(.text))
<BR><BR>[Calls]<UL><LI><a href="#[27]">&gt;&gt;</a>&nbsp;&nbsp;&nbsp;CCM_AAR_IRQHandler
</UL>
<BR>[Called By]<UL><LI><a href="#[27]">&gt;&gt;</a>&nbsp;&nbsp;&nbsp;CCM_AAR_IRQHandler
</UL>
<BR>[Address Reference Count : 1]<UL><LI> arm_startup_nrf52.o(RESET)
</UL>
<P><STRONG><a name="[2b]"></a>COMP_LPCOMP_IRQHandler</STRONG> (Thumb, 0 bytes, Stack size 0 bytes, arm_startup_nrf52.o(.text))
<BR>[Address Reference Count : 1]<UL><LI> arm_startup_nrf52.o(RESET)
</UL>
<P><STRONG><a name="[26]"></a>ECB_IRQHandler</STRONG> (Thumb, 0 bytes, Stack size 0 bytes, arm_startup_nrf52.o(.text))
<BR>[Address Reference Count : 1]<UL><LI> arm_startup_nrf52.o(RESET)
</UL>
<P><STRONG><a name="[3c]"></a>FPU_IRQHandler</STRONG> (Thumb, 0 bytes, Stack size 0 bytes, arm_startup_nrf52.o(.text))
<BR>[Address Reference Count : 1]<UL><LI> arm_startup_nrf52.o(RESET)
</UL>
<P><STRONG><a name="[3b]"></a>I2S_IRQHandler</STRONG> (Thumb, 0 bytes, Stack size 0 bytes, arm_startup_nrf52.o(.text))
<BR>[Address Reference Count : 1]<UL><LI> arm_startup_nrf52.o(RESET)
</UL>
<P><STRONG><a name="[36]"></a>MWU_IRQHandler</STRONG> (Thumb, 0 bytes, Stack size 0 bytes, arm_startup_nrf52.o(.text))
<BR>[Address Reference Count : 1]<UL><LI> arm_startup_nrf52.o(RESET)
</UL>
<P><STRONG><a name="[1d]"></a>NFCT_IRQHandler</STRONG> (Thumb, 0 bytes, Stack size 0 bytes, arm_startup_nrf52.o(.text))
<BR>[Address Reference Count : 1]<UL><LI> arm_startup_nrf52.o(RESET)
</UL>
<P><STRONG><a name="[35]"></a>PDM_IRQHandler</STRONG> (Thumb, 0 bytes, Stack size 0 bytes, arm_startup_nrf52.o(.text))
<BR>[Address Reference Count : 1]<UL><LI> arm_startup_nrf52.o(RESET)
</UL>
<P><STRONG><a name="[34]"></a>PWM0_IRQHandler</STRONG> (Thumb, 0 bytes, Stack size 0 bytes, arm_startup_nrf52.o(.text))
<BR>[Address Reference Count : 1]<UL><LI> arm_startup_nrf52.o(RESET)
</UL>
<P><STRONG><a name="[37]"></a>PWM1_IRQHandler</STRONG> (Thumb, 0 bytes, Stack size 0 bytes, arm_startup_nrf52.o(.text))
<BR>[Address Reference Count : 1]<UL><LI> arm_startup_nrf52.o(RESET)
</UL>
<P><STRONG><a name="[38]"></a>PWM2_IRQHandler</STRONG> (Thumb, 0 bytes, Stack size 0 bytes, arm_startup_nrf52.o(.text))
<BR>[Address Reference Count : 1]<UL><LI> arm_startup_nrf52.o(RESET)
</UL>
<P><STRONG><a name="[2a]"></a>QDEC_IRQHandler</STRONG> (Thumb, 0 bytes, Stack size 0 bytes, arm_startup_nrf52.o(.text))
<BR>[Address Reference Count : 1]<UL><LI> arm_startup_nrf52.o(RESET)
</UL>
<P><STRONG><a name="[19]"></a>RADIO_IRQHandler</STRONG> (Thumb, 0 bytes, Stack size 0 bytes, arm_startup_nrf52.o(.text))
<BR>[Address Reference Count : 1]<UL><LI> arm_startup_nrf52.o(RESET)
</UL>
<P><STRONG><a name="[25]"></a>RNG_IRQHandler</STRONG> (Thumb, 0 bytes, Stack size 0 bytes, arm_startup_nrf52.o(.text))
<BR>[Address Reference Count : 1]<UL><LI> arm_startup_nrf52.o(RESET)
</UL>
<P><STRONG><a name="[23]"></a>RTC0_IRQHandler</STRONG> (Thumb, 0 bytes, Stack size 0 bytes, arm_startup_nrf52.o(.text))
<BR>[Address Reference Count : 1]<UL><LI> arm_startup_nrf52.o(RESET)
</UL>
<P><STRONG><a name="[3a]"></a>RTC2_IRQHandler</STRONG> (Thumb, 0 bytes, Stack size 0 bytes, arm_startup_nrf52.o(.text))
<BR>[Address Reference Count : 1]<UL><LI> arm_startup_nrf52.o(RESET)
</UL>
<P><STRONG><a name="[1c]"></a>SPIM1_SPIS1_TWIM1_TWIS1_SPI1_TWI1_IRQHandler</STRONG> (Thumb, 0 bytes, Stack size 0 bytes, arm_startup_nrf52.o(.text))
<BR>[Address Reference Count : 1]<UL><LI> arm_startup_nrf52.o(RESET)
</UL>
<P><STRONG><a name="[39]"></a>SPIM2_SPIS2_SPI2_IRQHandler</STRONG> (Thumb, 0 bytes, Stack size 0 bytes, arm_startup_nrf52.o(.text))
<BR>[Address Reference Count : 1]<UL><LI> arm_startup_nrf52.o(RESET)
</UL>
<P><STRONG><a name="[2d]"></a>SWI1_EGU1_IRQHandler</STRONG> (Thumb, 0 bytes, Stack size 0 bytes, arm_startup_nrf52.o(.text))
<BR>[Address Reference Count : 1]<UL><LI> arm_startup_nrf52.o(RESET)
</UL>
<P><STRONG><a name="[2f]"></a>SWI3_EGU3_IRQHandler</STRONG> (Thumb, 0 bytes, Stack size 0 bytes, arm_startup_nrf52.o(.text))
<BR>[Address Reference Count : 1]<UL><LI> arm_startup_nrf52.o(RESET)
</UL>
<P><STRONG><a name="[30]"></a>SWI4_EGU4_IRQHandler</STRONG> (Thumb, 0 bytes, Stack size 0 bytes, arm_startup_nrf52.o(.text))
<BR>[Address Reference Count : 1]<UL><LI> arm_startup_nrf52.o(RESET)
</UL>
<P><STRONG><a name="[31]"></a>SWI5_EGU5_IRQHandler</STRONG> (Thumb, 0 bytes, Stack size 0 bytes, arm_startup_nrf52.o(.text))
<BR>[Address Reference Count : 1]<UL><LI> arm_startup_nrf52.o(RESET)
</UL>
<P><STRONG><a name="[24]"></a>TEMP_IRQHandler</STRONG> (Thumb, 0 bytes, Stack size 0 bytes, arm_startup_nrf52.o(.text))
<BR>[Address Reference Count : 1]<UL><LI> arm_startup_nrf52.o(RESET)
</UL>
<P><STRONG><a name="[20]"></a>TIMER0_IRQHandler</STRONG> (Thumb, 0 bytes, Stack size 0 bytes, arm_startup_nrf52.o(.text))
<BR>[Address Reference Count : 1]<UL><LI> arm_startup_nrf52.o(RESET)
</UL>
<P><STRONG><a name="[22]"></a>TIMER2_IRQHandler</STRONG> (Thumb, 0 bytes, Stack size 0 bytes, arm_startup_nrf52.o(.text))
<BR>[Address Reference Count : 1]<UL><LI> arm_startup_nrf52.o(RESET)
</UL>
<P><STRONG><a name="[32]"></a>TIMER3_IRQHandler</STRONG> (Thumb, 0 bytes, Stack size 0 bytes, arm_startup_nrf52.o(.text))
<BR>[Address Reference Count : 1]<UL><LI> arm_startup_nrf52.o(RESET)
</UL>
<P><STRONG><a name="[28]"></a>WDT_IRQHandler</STRONG> (Thumb, 0 bytes, Stack size 0 bytes, arm_startup_nrf52.o(.text))
<BR>[Address Reference Count : 1]<UL><LI> arm_startup_nrf52.o(RESET)
</UL>
<P><STRONG><a name="[12e]"></a>FRACLIB_FFMUL32</STRONG> (Thumb, 0 bytes, Stack size unknown bytes, fraclib_mul32.o(.text))
<BR><BR>[Called By]<UL><LI><a href="#[26e]">&gt;&gt;</a>&nbsp;&nbsp;&nbsp;SMARTHOME_CalcAuxiliary
<LI><a href="#[39b]">&gt;&gt;</a>&nbsp;&nbsp;&nbsp;calcCallback
<LI><a href="#[131]">&gt;&gt;</a>&nbsp;&nbsp;&nbsp;LL_mul_lll
<LI><a href="#[223]">&gt;&gt;</a>&nbsp;&nbsp;&nbsp;LL_iir_1ord_ll
<LI><a href="#[12d]">&gt;&gt;</a>&nbsp;&nbsp;&nbsp;CalcEnergy
</UL>

<P><STRONG><a name="[6dd]"></a>FRACLIB_SSMUL32</STRONG> (Thumb, 0 bytes, Stack size unknown bytes, fraclib_mul32.o(.text), UNUSED)

<P><STRONG><a name="[224]"></a>FRACLIB_USMUL32</STRONG> (Thumb, 0 bytes, Stack size unknown bytes, fraclib_mul32.o(.text))
<BR><BR>[Called By]<UL><LI><a href="#[131]">&gt;&gt;</a>&nbsp;&nbsp;&nbsp;LL_mul_lll
</UL>

<P><STRONG><a name="[6de]"></a>FRACLIB_SUMUL32</STRONG> (Thumb, 0 bytes, Stack size unknown bytes, fraclib_mul32.o(.text), UNUSED)

<P><STRONG><a name="[6df]"></a>FRACLIB_UUMUL32</STRONG> (Thumb, 0 bytes, Stack size unknown bytes, fraclib_mul32.o(.text), UNUSED)

<P><STRONG><a name="[cf]"></a>__aeabi_uldivmod</STRONG> (Thumb, 98 bytes, Stack size 40 bytes, uldiv.o(.text))
<BR><BR>[Stack]<UL><LI>Max Depth = 40<LI>Call Chain = __aeabi_uldivmod
</UL>
<BR>[Calls]<UL><LI><a href="#[d0]">&gt;&gt;</a>&nbsp;&nbsp;&nbsp;__aeabi_llsr
<LI><a href="#[d1]">&gt;&gt;</a>&nbsp;&nbsp;&nbsp;__aeabi_llsl
</UL>
<BR>[Called By]<UL><LI><a href="#[31b]">&gt;&gt;</a>&nbsp;&nbsp;&nbsp;mesh_add_packet
<LI><a href="#[5d]">&gt;&gt;</a>&nbsp;&nbsp;&nbsp;radio_signal_callback
<LI><a href="#[6b8]">&gt;&gt;</a>&nbsp;&nbsp;&nbsp;trickle_interval_begin
<LI><a href="#[2d3]">&gt;&gt;</a>&nbsp;&nbsp;&nbsp;_printf_core
<LI><a href="#[2d4]">&gt;&gt;</a>&nbsp;&nbsp;&nbsp;_fp_digits
</UL>

<P><STRONG><a name="[d1]"></a>__aeabi_llsl</STRONG> (Thumb, 30 bytes, Stack size 0 bytes, llshl.o(.text))
<BR><BR>[Called By]<UL><LI><a href="#[da]">&gt;&gt;</a>&nbsp;&nbsp;&nbsp;__aeabi_dadd
<LI><a href="#[252]">&gt;&gt;</a>&nbsp;&nbsp;&nbsp;PanasonicAc32_send
<LI><a href="#[251]">&gt;&gt;</a>&nbsp;&nbsp;&nbsp;PanasonicAc32_recv
<LI><a href="#[15b]">&gt;&gt;</a>&nbsp;&nbsp;&nbsp;dataToRaw
<LI><a href="#[58f]">&gt;&gt;</a>&nbsp;&nbsp;&nbsp;reverseBits
<LI><a href="#[2ce]">&gt;&gt;</a>&nbsp;&nbsp;&nbsp;swapData
<LI><a href="#[cf]">&gt;&gt;</a>&nbsp;&nbsp;&nbsp;__aeabi_uldivmod
<LI><a href="#[dc]">&gt;&gt;</a>&nbsp;&nbsp;&nbsp;_double_epilogue
<LI><a href="#[e9]">&gt;&gt;</a>&nbsp;&nbsp;&nbsp;__aeabi_d2ulz
</UL>

<P><STRONG><a name="[6e0]"></a>_ll_shift_l</STRONG> (Thumb, 0 bytes, Stack size 0 bytes, llshl.o(.text), UNUSED)

<P><STRONG><a name="[d0]"></a>__aeabi_llsr</STRONG> (Thumb, 32 bytes, Stack size 0 bytes, llushr.o(.text))
<BR><BR>[Called By]<UL><LI><a href="#[e5]">&gt;&gt;</a>&nbsp;&nbsp;&nbsp;__aeabi_d2uiz
<LI><a href="#[e4]">&gt;&gt;</a>&nbsp;&nbsp;&nbsp;__aeabi_d2iz
<LI><a href="#[252]">&gt;&gt;</a>&nbsp;&nbsp;&nbsp;PanasonicAc32_send
<LI><a href="#[15a]">&gt;&gt;</a>&nbsp;&nbsp;&nbsp;Coolix_send
<LI><a href="#[cf]">&gt;&gt;</a>&nbsp;&nbsp;&nbsp;__aeabi_uldivmod
<LI><a href="#[dc]">&gt;&gt;</a>&nbsp;&nbsp;&nbsp;_double_epilogue
<LI><a href="#[e9]">&gt;&gt;</a>&nbsp;&nbsp;&nbsp;__aeabi_d2ulz
</UL>

<P><STRONG><a name="[6e1]"></a>_ll_ushift_r</STRONG> (Thumb, 0 bytes, Stack size 0 bytes, llushr.o(.text), UNUSED)

<P><STRONG><a name="[d2]"></a>__rt_ctype_table</STRONG> (Thumb, 4 bytes, Stack size 0 bytes, ctype_o.o(.text))
<BR><BR>[Called By]<UL><LI><a href="#[5e9]">&gt;&gt;</a>&nbsp;&nbsp;&nbsp;nrf_log_hexdump_entry_process
<LI><a href="#[43]">&gt;&gt;</a>&nbsp;&nbsp;&nbsp;isspace
</UL>

<P><STRONG><a name="[43]"></a>isspace</STRONG> (Thumb, 18 bytes, Stack size 8 bytes, isspace_o.o(.text))
<BR><BR>[Stack]<UL><LI>Max Depth = 8<LI>Call Chain = isspace
</UL>
<BR>[Calls]<UL><LI><a href="#[d2]">&gt;&gt;</a>&nbsp;&nbsp;&nbsp;__rt_ctype_table
</UL>
<BR>[Address Reference Count : 1]<UL><LI> scanf_char.o(.text)
</UL>
<P><STRONG><a name="[f1]"></a>__aeabi_memcpy</STRONG> (Thumb, 36 bytes, Stack size 0 bytes, memcpya.o(.text))
<BR><BR>[Called By]<UL><LI><a href="#[fb]">&gt;&gt;</a>&nbsp;&nbsp;&nbsp;CFG_Save
<LI><a href="#[105]">&gt;&gt;</a>&nbsp;&nbsp;&nbsp;CFG_Load
<LI><a href="#[fa]">&gt;&gt;</a>&nbsp;&nbsp;&nbsp;ble_send_data
<LI><a href="#[f6]">&gt;&gt;</a>&nbsp;&nbsp;&nbsp;ble_get_data
<LI><a href="#[58]">&gt;&gt;</a>&nbsp;&nbsp;&nbsp;nus_data_handler
<LI><a href="#[5a4]">&gt;&gt;</a>&nbsp;&nbsp;&nbsp;rbc_mesh_event_handler
<LI><a href="#[10b]">&gt;&gt;</a>&nbsp;&nbsp;&nbsp;App_ProcessPacket
<LI><a href="#[121]">&gt;&gt;</a>&nbsp;&nbsp;&nbsp;App_iSmartPacketGet
<LI><a href="#[120]">&gt;&gt;</a>&nbsp;&nbsp;&nbsp;App_iSmartPacketAddToList
<LI><a href="#[11f]">&gt;&gt;</a>&nbsp;&nbsp;&nbsp;App_iSmartMeshPacketGet
<LI><a href="#[11e]">&gt;&gt;</a>&nbsp;&nbsp;&nbsp;App_iSmartMeshPacketAddToList
<LI><a href="#[11d]">&gt;&gt;</a>&nbsp;&nbsp;&nbsp;App_iSmartEventPacketGet
<LI><a href="#[11c]">&gt;&gt;</a>&nbsp;&nbsp;&nbsp;App_iSmartEventPacketAddToList
<LI><a href="#[119]">&gt;&gt;</a>&nbsp;&nbsp;&nbsp;App_iSmartAppPacketGet
<LI><a href="#[117]">&gt;&gt;</a>&nbsp;&nbsp;&nbsp;App_iSmartAppPacketAddToList
<LI><a href="#[f0]">&gt;&gt;</a>&nbsp;&nbsp;&nbsp;AppMakeOtp
<LI><a href="#[3ba]">&gt;&gt;</a>&nbsp;&nbsp;&nbsp;dataLogger_Get
<LI><a href="#[9d]">&gt;&gt;</a>&nbsp;&nbsp;&nbsp;encode_ReetechAc
<LI><a href="#[9b]">&gt;&gt;</a>&nbsp;&nbsp;&nbsp;encode_Casper343
<LI><a href="#[8b]">&gt;&gt;</a>&nbsp;&nbsp;&nbsp;encode_Casper104
<LI><a href="#[9e]">&gt;&gt;</a>&nbsp;&nbsp;&nbsp;decode_ReetechAc
<LI><a href="#[8c]">&gt;&gt;</a>&nbsp;&nbsp;&nbsp;decode_Casper104
<LI><a href="#[3c3]">&gt;&gt;</a>&nbsp;&nbsp;&nbsp;dbGetDataLogTail
<LI><a href="#[320]">&gt;&gt;</a>&nbsp;&nbsp;&nbsp;dataLogger_Save
<LI><a href="#[2b1]">&gt;&gt;</a>&nbsp;&nbsp;&nbsp;app_alarm_task
<LI><a href="#[300]">&gt;&gt;</a>&nbsp;&nbsp;&nbsp;app_alarm_init
<LI><a href="#[23b]">&gt;&gt;</a>&nbsp;&nbsp;&nbsp;Mitsubishi144_setRaw
<LI><a href="#[233]">&gt;&gt;</a>&nbsp;&nbsp;&nbsp;Mitsubishi136_setRaw
<LI><a href="#[22d]">&gt;&gt;</a>&nbsp;&nbsp;&nbsp;Mitsubishi112_setRaw
<LI><a href="#[29b]">&gt;&gt;</a>&nbsp;&nbsp;&nbsp;Sharp_setRaw
<LI><a href="#[25d]">&gt;&gt;</a>&nbsp;&nbsp;&nbsp;PanasonicAc_setRaw
<LI><a href="#[354]">&gt;&gt;</a>&nbsp;&nbsp;&nbsp;service_data_encode
<LI><a href="#[353]">&gt;&gt;</a>&nbsp;&nbsp;&nbsp;manuf_specific_data_encode
<LI><a href="#[281]">&gt;&gt;</a>&nbsp;&nbsp;&nbsp;Samsung_setRaw
<LI><a href="#[39f]">&gt;&gt;</a>&nbsp;&nbsp;&nbsp;pds_peer_data_read
<LI><a href="#[144]">&gt;&gt;</a>&nbsp;&nbsp;&nbsp;Casper104_setRaw
<LI><a href="#[1aa]">&gt;&gt;</a>&nbsp;&nbsp;&nbsp;Daikin2_setRaw
<LI><a href="#[19c]">&gt;&gt;</a>&nbsp;&nbsp;&nbsp;Daikin216_setRaw
<LI><a href="#[192]">&gt;&gt;</a>&nbsp;&nbsp;&nbsp;Daikin176_setRaw
<LI><a href="#[18c]">&gt;&gt;</a>&nbsp;&nbsp;&nbsp;Daikin160_setRaw
<LI><a href="#[185]">&gt;&gt;</a>&nbsp;&nbsp;&nbsp;Daikin152_setRaw
<LI><a href="#[174]">&gt;&gt;</a>&nbsp;&nbsp;&nbsp;Daikin128_setRaw
<LI><a href="#[14f]">&gt;&gt;</a>&nbsp;&nbsp;&nbsp;Casper343_setRaw
<LI><a href="#[242]">&gt;&gt;</a>&nbsp;&nbsp;&nbsp;Mitsubishi152_setRaw
<LI><a href="#[2c5]">&gt;&gt;</a>&nbsp;&nbsp;&nbsp;ToshibaAc_setRaw
<LI><a href="#[590]">&gt;&gt;</a>&nbsp;&nbsp;&nbsp;memobj_op
<LI><a href="#[b0]">&gt;&gt;</a>&nbsp;&nbsp;&nbsp;read
<LI><a href="#[26c]">&gt;&gt;</a>&nbsp;&nbsp;&nbsp;_WriteNoCheck
<LI><a href="#[26d]">&gt;&gt;</a>&nbsp;&nbsp;&nbsp;_WriteBlocking
<LI><a href="#[628]">&gt;&gt;</a>&nbsp;&nbsp;&nbsp;packet_create_from_data
<LI><a href="#[5e]">&gt;&gt;</a>&nbsp;&nbsp;&nbsp;trickle_step_callback
<LI><a href="#[5a1]">&gt;&gt;</a>&nbsp;&nbsp;&nbsp;mesh_srv_packet_assemble
<LI><a href="#[59a]">&gt;&gt;</a>&nbsp;&nbsp;&nbsp;mesh_srv_char_val_set
<LI><a href="#[599]">&gt;&gt;</a>&nbsp;&nbsp;&nbsp;mesh_srv_char_val_get
</UL>

<P><STRONG><a name="[127]"></a>__aeabi_memcpy4</STRONG> (Thumb, 0 bytes, Stack size 0 bytes, memcpya.o(.text))
<BR><BR>[Called By]<UL><LI><a href="#[105]">&gt;&gt;</a>&nbsp;&nbsp;&nbsp;CFG_Load
<LI><a href="#[fc]">&gt;&gt;</a>&nbsp;&nbsp;&nbsp;IR_ConstructSpecificDeviceType
<LI><a href="#[367]">&gt;&gt;</a>&nbsp;&nbsp;&nbsp;ble_conn_params_init
<LI><a href="#[2f8]">&gt;&gt;</a>&nbsp;&nbsp;&nbsp;ble_advertising_init
<LI><a href="#[5a4]">&gt;&gt;</a>&nbsp;&nbsp;&nbsp;rbc_mesh_event_handler
<LI><a href="#[319]">&gt;&gt;</a>&nbsp;&nbsp;&nbsp;app_mesh_task
<LI><a href="#[655]">&gt;&gt;</a>&nbsp;&nbsp;&nbsp;protocol_send_data_to_gw
<LI><a href="#[1b8]">&gt;&gt;</a>&nbsp;&nbsp;&nbsp;matchData
<LI><a href="#[1c5]">&gt;&gt;</a>&nbsp;&nbsp;&nbsp;Gree_recv
<LI><a href="#[1b7]">&gt;&gt;</a>&nbsp;&nbsp;&nbsp;DaikinESP_isHeaderMatch
<LI><a href="#[5d3]">&gt;&gt;</a>&nbsp;&nbsp;&nbsp;nrfx_twi_rx
<LI><a href="#[238]">&gt;&gt;</a>&nbsp;&nbsp;&nbsp;Mitsubishi144_recv
<LI><a href="#[37b]">&gt;&gt;</a>&nbsp;&nbsp;&nbsp;record_purge_disconnected
<LI><a href="#[280]">&gt;&gt;</a>&nbsp;&nbsp;&nbsp;Samsung_sendOn
<LI><a href="#[27f]">&gt;&gt;</a>&nbsp;&nbsp;&nbsp;Samsung_sendOff
<LI><a href="#[648]">&gt;&gt;</a>&nbsp;&nbsp;&nbsp;send_unexpected_error
<LI><a href="#[5c6]">&gt;&gt;</a>&nbsp;&nbsp;&nbsp;on_data_length_update_evt
<LI><a href="#[3ac]">&gt;&gt;</a>&nbsp;&nbsp;&nbsp;conn_handle_list_get
<LI><a href="#[1b9]">&gt;&gt;</a>&nbsp;&nbsp;&nbsp;DaikinESP_recv
<LI><a href="#[689]">&gt;&gt;</a>&nbsp;&nbsp;&nbsp;service_changed_send_in_evt
<LI><a href="#[577]">&gt;&gt;</a>&nbsp;&nbsp;&nbsp;send_unexpected_error
<LI><a href="#[3d5]">&gt;&gt;</a>&nbsp;&nbsp;&nbsp;local_db_update_in_evt
<LI><a href="#[37e]">&gt;&gt;</a>&nbsp;&nbsp;&nbsp;im_ble_evt_handler
<LI><a href="#[380]">&gt;&gt;</a>&nbsp;&nbsp;&nbsp;gcm_ble_evt_handler
<LI><a href="#[342]">&gt;&gt;</a>&nbsp;&nbsp;&nbsp;send_unexpected_error
<LI><a href="#[349]">&gt;&gt;</a>&nbsp;&nbsp;&nbsp;send_storage_full_evt
<LI><a href="#[692]">&gt;&gt;</a>&nbsp;&nbsp;&nbsp;send_params_req
<LI><a href="#[693]">&gt;&gt;</a>&nbsp;&nbsp;&nbsp;sec_start_send
<LI><a href="#[695]">&gt;&gt;</a>&nbsp;&nbsp;&nbsp;sec_request_process
<LI><a href="#[3b0]">&gt;&gt;</a>&nbsp;&nbsp;&nbsp;conn_sec_failure
<LI><a href="#[620]">&gt;&gt;</a>&nbsp;&nbsp;&nbsp;twi_xfer
<LI><a href="#[273]">&gt;&gt;</a>&nbsp;&nbsp;&nbsp;twi_irq_handler
<LI><a href="#[500]">&gt;&gt;</a>&nbsp;&nbsp;&nbsp;event_fifo_put
<LI><a href="#[4fe]">&gt;&gt;</a>&nbsp;&nbsp;&nbsp;event_fifo_get
<LI><a href="#[66b]">&gt;&gt;</a>&nbsp;&nbsp;&nbsp;radio_fifo_put
<LI><a href="#[669]">&gt;&gt;</a>&nbsp;&nbsp;&nbsp;radio_fifo_peek_at
<LI><a href="#[666]">&gt;&gt;</a>&nbsp;&nbsp;&nbsp;radio_fifo_get
</UL>

<P><STRONG><a name="[6e2]"></a>__aeabi_memcpy8</STRONG> (Thumb, 0 bytes, Stack size 0 bytes, memcpya.o(.text), UNUSED)

<P><STRONG><a name="[d4]"></a>__aeabi_memset</STRONG> (Thumb, 14 bytes, Stack size 0 bytes, memseta.o(.text))
<BR><BR>[Called By]<UL><LI><a href="#[587]">&gt;&gt;</a>&nbsp;&nbsp;&nbsp;main_loop
<LI><a href="#[3d]">&gt;&gt;</a>&nbsp;&nbsp;&nbsp;main
<LI><a href="#[d5]">&gt;&gt;</a>&nbsp;&nbsp;&nbsp;_memset$wrapper
<LI><a href="#[d3]">&gt;&gt;</a>&nbsp;&nbsp;&nbsp;__aeabi_memclr
</UL>

<P><STRONG><a name="[6e3]"></a>__aeabi_memset4</STRONG> (Thumb, 0 bytes, Stack size 0 bytes, memseta.o(.text), UNUSED)

<P><STRONG><a name="[6e4]"></a>__aeabi_memset8</STRONG> (Thumb, 0 bytes, Stack size 0 bytes, memseta.o(.text), UNUSED)

<P><STRONG><a name="[d3]"></a>__aeabi_memclr</STRONG> (Thumb, 4 bytes, Stack size 0 bytes, memseta.o(.text))
<BR><BR>[Calls]<UL><LI><a href="#[d4]">&gt;&gt;</a>&nbsp;&nbsp;&nbsp;__aeabi_memset
</UL>
<BR>[Called By]<UL><LI><a href="#[13a]">&gt;&gt;</a>&nbsp;&nbsp;&nbsp;initDecodeData
<LI><a href="#[53b]">&gt;&gt;</a>&nbsp;&nbsp;&nbsp;getRawBuf
<LI><a href="#[690]">&gt;&gt;</a>&nbsp;&nbsp;&nbsp;sec_keyset_fill
</UL>

<P><STRONG><a name="[126]"></a>__aeabi_memclr4</STRONG> (Thumb, 0 bytes, Stack size 0 bytes, memseta.o(.text))
<BR><BR>[Called By]<UL><LI><a href="#[105]">&gt;&gt;</a>&nbsp;&nbsp;&nbsp;CFG_Load
<LI><a href="#[382]">&gt;&gt;</a>&nbsp;&nbsp;&nbsp;ble_nus_init
<LI><a href="#[2fb]">&gt;&gt;</a>&nbsp;&nbsp;&nbsp;ble_advertising_start
<LI><a href="#[365]">&gt;&gt;</a>&nbsp;&nbsp;&nbsp;services_init
<LI><a href="#[58]">&gt;&gt;</a>&nbsp;&nbsp;&nbsp;nus_data_handler
<LI><a href="#[366]">&gt;&gt;</a>&nbsp;&nbsp;&nbsp;conn_params_init
<LI><a href="#[2f7]">&gt;&gt;</a>&nbsp;&nbsp;&nbsp;advertising_init
<LI><a href="#[655]">&gt;&gt;</a>&nbsp;&nbsp;&nbsp;protocol_send_data_to_gw
<LI><a href="#[13a]">&gt;&gt;</a>&nbsp;&nbsp;&nbsp;initDecodeData
<LI><a href="#[5d4]">&gt;&gt;</a>&nbsp;&nbsp;&nbsp;nrfx_twi_tx
<LI><a href="#[53b]">&gt;&gt;</a>&nbsp;&nbsp;&nbsp;getRawBuf
<LI><a href="#[a6]">&gt;&gt;</a>&nbsp;&nbsp;&nbsp;pm_pdb_evt_handler
<LI><a href="#[383]">&gt;&gt;</a>&nbsp;&nbsp;&nbsp;characteristic_add
<LI><a href="#[542]">&gt;&gt;</a>&nbsp;&nbsp;&nbsp;service_changed_pending_set
<LI><a href="#[338]">&gt;&gt;</a>&nbsp;&nbsp;&nbsp;local_db_apply_in_evt
<LI><a href="#[373]">&gt;&gt;</a>&nbsp;&nbsp;&nbsp;char_add
<LI><a href="#[385]">&gt;&gt;</a>&nbsp;&nbsp;&nbsp;on_write
<LI><a href="#[386]">&gt;&gt;</a>&nbsp;&nbsp;&nbsp;on_hvx_tx_complete
<LI><a href="#[384]">&gt;&gt;</a>&nbsp;&nbsp;&nbsp;on_connect
<LI><a href="#[2fc]">&gt;&gt;</a>&nbsp;&nbsp;&nbsp;ah
<LI><a href="#[503]">&gt;&gt;</a>&nbsp;&nbsp;&nbsp;events_send_from_err_code
<LI><a href="#[6a5]">&gt;&gt;</a>&nbsp;&nbsp;&nbsp;smd_params_reply
<LI><a href="#[346]">&gt;&gt;</a>&nbsp;&nbsp;&nbsp;send_config_req
<LI><a href="#[51a]">&gt;&gt;</a>&nbsp;&nbsp;&nbsp;queue_process
<LI><a href="#[50a]">&gt;&gt;</a>&nbsp;&nbsp;&nbsp;queue_buf_get
<LI><a href="#[5e5]">&gt;&gt;</a>&nbsp;&nbsp;&nbsp;nrf_log_backend_serial_put
<LI><a href="#[b1]">&gt;&gt;</a>&nbsp;&nbsp;&nbsp;write
<LI><a href="#[af]">&gt;&gt;</a>&nbsp;&nbsp;&nbsp;uninit
<LI><a href="#[502]">&gt;&gt;</a>&nbsp;&nbsp;&nbsp;event_send
<LI><a href="#[b2]">&gt;&gt;</a>&nbsp;&nbsp;&nbsp;erase
<LI><a href="#[59e]">&gt;&gt;</a>&nbsp;&nbsp;&nbsp;mesh_srv_init
</UL>

<P><STRONG><a name="[6e5]"></a>__aeabi_memclr8</STRONG> (Thumb, 0 bytes, Stack size 0 bytes, memseta.o(.text), UNUSED)

<P><STRONG><a name="[d5]"></a>_memset$wrapper</STRONG> (Thumb, 18 bytes, Stack size 8 bytes, memseta.o(.text), UNUSED)
<BR><BR>[Calls]<UL><LI><a href="#[d4]">&gt;&gt;</a>&nbsp;&nbsp;&nbsp;__aeabi_memset
</UL>

<P><STRONG><a name="[f7]"></a>strstr</STRONG> (Thumb, 36 bytes, Stack size 12 bytes, strstr.o(.text))
<BR><BR>[Stack]<UL><LI>Max Depth = 12<LI>Call Chain = strstr
</UL>
<BR>[Called By]<UL><LI><a href="#[f4]">&gt;&gt;</a>&nbsp;&nbsp;&nbsp;AppSettingsTask
</UL>

<P><STRONG><a name="[fd]"></a>strncpy</STRONG> (Thumb, 24 bytes, Stack size 8 bytes, strncpy.o(.text))
<BR><BR>[Stack]<UL><LI>Max Depth = 8<LI>Call Chain = strncpy
</UL>
<BR>[Called By]<UL><LI><a href="#[f4]">&gt;&gt;</a>&nbsp;&nbsp;&nbsp;AppSettingsTask
</UL>

<P><STRONG><a name="[f9]"></a>strlen</STRONG> (Thumb, 14 bytes, Stack size 0 bytes, strlen.o(.text))
<BR><BR>[Called By]<UL><LI><a href="#[f4]">&gt;&gt;</a>&nbsp;&nbsp;&nbsp;AppSettingsTask
<LI><a href="#[387]">&gt;&gt;</a>&nbsp;&nbsp;&nbsp;ble_srv_ascii_to_utf8
<LI><a href="#[363]">&gt;&gt;</a>&nbsp;&nbsp;&nbsp;gap_params_init
<LI><a href="#[2b3]">&gt;&gt;</a>&nbsp;&nbsp;&nbsp;ac_type_detection_task
<LI><a href="#[5d7]">&gt;&gt;</a>&nbsp;&nbsp;&nbsp;string_print
</UL>

<P><STRONG><a name="[125]"></a>memcmp</STRONG> (Thumb, 26 bytes, Stack size 12 bytes, memcmp.o(.text))
<BR><BR>[Stack]<UL><LI>Max Depth = 12<LI>Call Chain = memcmp
</UL>
<BR>[Called By]<UL><LI><a href="#[fb]">&gt;&gt;</a>&nbsp;&nbsp;&nbsp;CFG_Save
<LI><a href="#[105]">&gt;&gt;</a>&nbsp;&nbsp;&nbsp;CFG_Load
<LI><a href="#[319]">&gt;&gt;</a>&nbsp;&nbsp;&nbsp;app_mesh_task
<LI><a href="#[3c0]">&gt;&gt;</a>&nbsp;&nbsp;&nbsp;dbRingLogSave
<LI><a href="#[320]">&gt;&gt;</a>&nbsp;&nbsp;&nbsp;dataLogger_Save
<LI><a href="#[238]">&gt;&gt;</a>&nbsp;&nbsp;&nbsp;Mitsubishi144_recv
<LI><a href="#[54c]">&gt;&gt;</a>&nbsp;&nbsp;&nbsp;im_is_duplicate_bonding_data
<LI><a href="#[547]">&gt;&gt;</a>&nbsp;&nbsp;&nbsp;im_address_resolve
<LI><a href="#[2f2]">&gt;&gt;</a>&nbsp;&nbsp;&nbsp;addr_compare
<LI><a href="#[54e]">&gt;&gt;</a>&nbsp;&nbsp;&nbsp;im_master_ids_compare
</UL>

<P><STRONG><a name="[2d1]"></a>strcpy</STRONG> (Thumb, 18 bytes, Stack size 0 bytes, strcpy.o(.text))
<BR><BR>[Called By]<UL><LI><a href="#[269]">&gt;&gt;</a>&nbsp;&nbsp;&nbsp;_DoInit
</UL>

<P><STRONG><a name="[d6]"></a>__0sscanf</STRONG> (Thumb, 48 bytes, Stack size 72 bytes, __0sscanf.o(.text))
<BR><BR>[Stack]<UL><LI>Max Depth = 216<LI>Call Chain = __0sscanf &rArr; __vfscanf_char &rArr; __vfscanf &rArr; _scanf_string
</UL>
<BR>[Calls]<UL><LI><a href="#[d7]">&gt;&gt;</a>&nbsp;&nbsp;&nbsp;__vfscanf_char
</UL>
<BR>[Called By]<UL><LI><a href="#[f4]">&gt;&gt;</a>&nbsp;&nbsp;&nbsp;AppSettingsTask
</UL>

<P><STRONG><a name="[d8]"></a>_scanf_int</STRONG> (Thumb, 332 bytes, Stack size 56 bytes, _scanf_int.o(.text))
<BR><BR>[Stack]<UL><LI>Max Depth = 56<LI>Call Chain = _scanf_int
</UL>
<BR>[Calls]<UL><LI><a href="#[d9]">&gt;&gt;</a>&nbsp;&nbsp;&nbsp;_chval
</UL>
<BR>[Called By]<UL><LI><a href="#[e8]">&gt;&gt;</a>&nbsp;&nbsp;&nbsp;__vfscanf
</UL>

<P><STRONG><a name="[eb]"></a>_scanf_string</STRONG> (Thumb, 224 bytes, Stack size 56 bytes, _scanf_str.o(.text))
<BR><BR>[Stack]<UL><LI>Max Depth = 56<LI>Call Chain = _scanf_string
</UL>
<BR>[Called By]<UL><LI><a href="#[e8]">&gt;&gt;</a>&nbsp;&nbsp;&nbsp;__vfscanf
</UL>

<P><STRONG><a name="[da]"></a>__aeabi_dadd</STRONG> (Thumb, 322 bytes, Stack size 48 bytes, dadd.o(.text))
<BR><BR>[Stack]<UL><LI>Max Depth = 88<LI>Call Chain = __aeabi_dadd &rArr; _double_epilogue &rArr; _double_round
</UL>
<BR>[Calls]<UL><LI><a href="#[d1]">&gt;&gt;</a>&nbsp;&nbsp;&nbsp;__aeabi_llsl
<LI><a href="#[db]">&gt;&gt;</a>&nbsp;&nbsp;&nbsp;__aeabi_lasr
<LI><a href="#[dd]">&gt;&gt;</a>&nbsp;&nbsp;&nbsp;_double_round
<LI><a href="#[dc]">&gt;&gt;</a>&nbsp;&nbsp;&nbsp;_double_epilogue
</UL>
<BR>[Called By]<UL><LI><a href="#[1c9]">&gt;&gt;</a>&nbsp;&nbsp;&nbsp;Gree_setTemp
<LI><a href="#[de]">&gt;&gt;</a>&nbsp;&nbsp;&nbsp;__aeabi_dsub
<LI><a href="#[23c]">&gt;&gt;</a>&nbsp;&nbsp;&nbsp;Mitsubishi144_setTemp
<LI><a href="#[237]">&gt;&gt;</a>&nbsp;&nbsp;&nbsp;Mitsubishi144_getTemp
<LI><a href="#[df]">&gt;&gt;</a>&nbsp;&nbsp;&nbsp;__aeabi_drsub
<LI><a href="#[58e]">&gt;&gt;</a>&nbsp;&nbsp;&nbsp;ticksHigh
<LI><a href="#[2d4]">&gt;&gt;</a>&nbsp;&nbsp;&nbsp;_fp_digits
</UL>

<P><STRONG><a name="[de]"></a>__aeabi_dsub</STRONG> (Thumb, 6 bytes, Stack size 0 bytes, dadd.o(.text))
<BR><BR>[Stack]<UL><LI>Max Depth = 88<LI>Call Chain = __aeabi_dsub &rArr; __aeabi_dadd &rArr; _double_epilogue &rArr; _double_round
</UL>
<BR>[Calls]<UL><LI><a href="#[da]">&gt;&gt;</a>&nbsp;&nbsp;&nbsp;__aeabi_dadd
</UL>
<BR>[Called By]<UL><LI><a href="#[1cb]">&gt;&gt;</a>&nbsp;&nbsp;&nbsp;fahrenheitToCelsius
<LI><a href="#[74]">&gt;&gt;</a>&nbsp;&nbsp;&nbsp;decode_Mitsubishi144
<LI><a href="#[23c]">&gt;&gt;</a>&nbsp;&nbsp;&nbsp;Mitsubishi144_setTemp
</UL>

<P><STRONG><a name="[df]"></a>__aeabi_drsub</STRONG> (Thumb, 6 bytes, Stack size 0 bytes, dadd.o(.text))
<BR><BR>[Stack]<UL><LI>Max Depth = 88<LI>Call Chain = __aeabi_drsub &rArr; __aeabi_dadd &rArr; _double_epilogue &rArr; _double_round
</UL>
<BR>[Calls]<UL><LI><a href="#[da]">&gt;&gt;</a>&nbsp;&nbsp;&nbsp;__aeabi_dadd
</UL>
<BR>[Called By]<UL><LI><a href="#[58d]">&gt;&gt;</a>&nbsp;&nbsp;&nbsp;ticksLow
</UL>

<P><STRONG><a name="[e0]"></a>__aeabi_dmul</STRONG> (Thumb, 228 bytes, Stack size 48 bytes, dmul.o(.text))
<BR><BR>[Stack]<UL><LI>Max Depth = 88<LI>Call Chain = __aeabi_dmul &rArr; _double_epilogue &rArr; _double_round
</UL>
<BR>[Calls]<UL><LI><a href="#[dc]">&gt;&gt;</a>&nbsp;&nbsp;&nbsp;_double_epilogue
</UL>
<BR>[Called By]<UL><LI><a href="#[271]">&gt;&gt;</a>&nbsp;&nbsp;&nbsp;SMARTHOME_ReadResults
<LI><a href="#[308]">&gt;&gt;</a>&nbsp;&nbsp;&nbsp;app_emeter_task
<LI><a href="#[1cb]">&gt;&gt;</a>&nbsp;&nbsp;&nbsp;fahrenheitToCelsius
<LI><a href="#[58d]">&gt;&gt;</a>&nbsp;&nbsp;&nbsp;ticksLow
<LI><a href="#[58e]">&gt;&gt;</a>&nbsp;&nbsp;&nbsp;ticksHigh
<LI><a href="#[2d4]">&gt;&gt;</a>&nbsp;&nbsp;&nbsp;_fp_digits
</UL>

<P><STRONG><a name="[e1]"></a>__aeabi_ddiv</STRONG> (Thumb, 222 bytes, Stack size 32 bytes, ddiv.o(.text))
<BR><BR>[Stack]<UL><LI>Max Depth = 40<LI>Call Chain = __aeabi_ddiv &rArr; _double_round
</UL>
<BR>[Calls]<UL><LI><a href="#[dd]">&gt;&gt;</a>&nbsp;&nbsp;&nbsp;_double_round
</UL>
<BR>[Called By]<UL><LI><a href="#[271]">&gt;&gt;</a>&nbsp;&nbsp;&nbsp;SMARTHOME_ReadResults
<LI><a href="#[1cb]">&gt;&gt;</a>&nbsp;&nbsp;&nbsp;fahrenheitToCelsius
<LI><a href="#[58d]">&gt;&gt;</a>&nbsp;&nbsp;&nbsp;ticksLow
<LI><a href="#[58e]">&gt;&gt;</a>&nbsp;&nbsp;&nbsp;ticksHigh
<LI><a href="#[2d4]">&gt;&gt;</a>&nbsp;&nbsp;&nbsp;_fp_digits
</UL>

<P><STRONG><a name="[e2]"></a>__aeabi_i2d</STRONG> (Thumb, 34 bytes, Stack size 16 bytes, dflti.o(.text))
<BR><BR>[Stack]<UL><LI>Max Depth = 56<LI>Call Chain = __aeabi_i2d &rArr; _double_epilogue &rArr; _double_round
</UL>
<BR>[Calls]<UL><LI><a href="#[dc]">&gt;&gt;</a>&nbsp;&nbsp;&nbsp;_double_epilogue
</UL>
<BR>[Called By]<UL><LI><a href="#[271]">&gt;&gt;</a>&nbsp;&nbsp;&nbsp;SMARTHOME_ReadResults
<LI><a href="#[23c]">&gt;&gt;</a>&nbsp;&nbsp;&nbsp;Mitsubishi144_setTemp
</UL>

<P><STRONG><a name="[e3]"></a>__aeabi_ui2d</STRONG> (Thumb, 26 bytes, Stack size 16 bytes, dfltui.o(.text))
<BR><BR>[Stack]<UL><LI>Max Depth = 56<LI>Call Chain = __aeabi_ui2d &rArr; _double_epilogue &rArr; _double_round
</UL>
<BR>[Calls]<UL><LI><a href="#[dc]">&gt;&gt;</a>&nbsp;&nbsp;&nbsp;_double_epilogue
</UL>
<BR>[Called By]<UL><LI><a href="#[1c9]">&gt;&gt;</a>&nbsp;&nbsp;&nbsp;Gree_setTemp
<LI><a href="#[237]">&gt;&gt;</a>&nbsp;&nbsp;&nbsp;Mitsubishi144_getTemp
<LI><a href="#[58d]">&gt;&gt;</a>&nbsp;&nbsp;&nbsp;ticksLow
<LI><a href="#[58e]">&gt;&gt;</a>&nbsp;&nbsp;&nbsp;ticksHigh
</UL>

<P><STRONG><a name="[e4]"></a>__aeabi_d2iz</STRONG> (Thumb, 62 bytes, Stack size 16 bytes, dfixi.o(.text))
<BR><BR>[Stack]<UL><LI>Max Depth = 16<LI>Call Chain = __aeabi_d2iz
</UL>
<BR>[Calls]<UL><LI><a href="#[d0]">&gt;&gt;</a>&nbsp;&nbsp;&nbsp;__aeabi_llsr
</UL>
<BR>[Called By]<UL><LI><a href="#[58d]">&gt;&gt;</a>&nbsp;&nbsp;&nbsp;ticksLow
</UL>

<P><STRONG><a name="[e5]"></a>__aeabi_d2uiz</STRONG> (Thumb, 50 bytes, Stack size 8 bytes, dfixui.o(.text))
<BR><BR>[Stack]<UL><LI>Max Depth = 8<LI>Call Chain = __aeabi_d2uiz
</UL>
<BR>[Calls]<UL><LI><a href="#[d0]">&gt;&gt;</a>&nbsp;&nbsp;&nbsp;__aeabi_llsr
</UL>
<BR>[Called By]<UL><LI><a href="#[308]">&gt;&gt;</a>&nbsp;&nbsp;&nbsp;app_emeter_task
<LI><a href="#[10b]">&gt;&gt;</a>&nbsp;&nbsp;&nbsp;App_ProcessPacket
<LI><a href="#[74]">&gt;&gt;</a>&nbsp;&nbsp;&nbsp;decode_Mitsubishi144
<LI><a href="#[23c]">&gt;&gt;</a>&nbsp;&nbsp;&nbsp;Mitsubishi144_setTemp
<LI><a href="#[58e]">&gt;&gt;</a>&nbsp;&nbsp;&nbsp;ticksHigh
</UL>

<P><STRONG><a name="[23d]"></a>__aeabi_f2d</STRONG> (Thumb, 38 bytes, Stack size 0 bytes, f2d.o(.text))
<BR><BR>[Called By]<UL><LI><a href="#[1cb]">&gt;&gt;</a>&nbsp;&nbsp;&nbsp;fahrenheitToCelsius
<LI><a href="#[74]">&gt;&gt;</a>&nbsp;&nbsp;&nbsp;decode_Mitsubishi144
<LI><a href="#[23c]">&gt;&gt;</a>&nbsp;&nbsp;&nbsp;Mitsubishi144_setTemp
</UL>

<P><STRONG><a name="[6e6]"></a>__aeabi_cdcmpeq</STRONG> (Thumb, 0 bytes, Stack size 0 bytes, cdcmple.o(.text), UNUSED)

<P><STRONG><a name="[23e]"></a>__aeabi_cdcmple</STRONG> (Thumb, 48 bytes, Stack size 0 bytes, cdcmple.o(.text))
<BR><BR>[Called By]<UL><LI><a href="#[23c]">&gt;&gt;</a>&nbsp;&nbsp;&nbsp;Mitsubishi144_setTemp
</UL>

<P><STRONG><a name="[e6]"></a>__aeabi_d2f</STRONG> (Thumb, 56 bytes, Stack size 8 bytes, d2f.o(.text))
<BR><BR>[Stack]<UL><LI>Max Depth = 8<LI>Call Chain = __aeabi_d2f
</UL>
<BR>[Calls]<UL><LI><a href="#[e7]">&gt;&gt;</a>&nbsp;&nbsp;&nbsp;_float_round
</UL>
<BR>[Called By]<UL><LI><a href="#[1cb]">&gt;&gt;</a>&nbsp;&nbsp;&nbsp;fahrenheitToCelsius
<LI><a href="#[1c9]">&gt;&gt;</a>&nbsp;&nbsp;&nbsp;Gree_setTemp
<LI><a href="#[23c]">&gt;&gt;</a>&nbsp;&nbsp;&nbsp;Mitsubishi144_setTemp
<LI><a href="#[237]">&gt;&gt;</a>&nbsp;&nbsp;&nbsp;Mitsubishi144_getTemp
</UL>

<P><STRONG><a name="[6e7]"></a>__aeabi_uidiv</STRONG> (Thumb, 0 bytes, Stack size 12 bytes, uidiv.o(.text), UNUSED)

<P><STRONG><a name="[2e1]"></a>__aeabi_uidivmod</STRONG> (Thumb, 44 bytes, Stack size 12 bytes, uidiv.o(.text), UNUSED)
<BR><BR>[Called By]<UL><LI><a href="#[2d3]">&gt;&gt;</a>&nbsp;&nbsp;&nbsp;_printf_core
</UL>

<P><STRONG><a name="[db]"></a>__aeabi_lasr</STRONG> (Thumb, 36 bytes, Stack size 0 bytes, llsshr.o(.text))
<BR><BR>[Called By]<UL><LI><a href="#[da]">&gt;&gt;</a>&nbsp;&nbsp;&nbsp;__aeabi_dadd
</UL>

<P><STRONG><a name="[6e8]"></a>_ll_sshift_r</STRONG> (Thumb, 0 bytes, Stack size 0 bytes, llsshr.o(.text), UNUSED)

<P><STRONG><a name="[d9]"></a>_chval</STRONG> (Thumb, 28 bytes, Stack size 0 bytes, _chval.o(.text))
<BR><BR>[Called By]<UL><LI><a href="#[d8]">&gt;&gt;</a>&nbsp;&nbsp;&nbsp;_scanf_int
</UL>

<P><STRONG><a name="[d7]"></a>__vfscanf_char</STRONG> (Thumb, 20 bytes, Stack size 0 bytes, scanf_char.o(.text))
<BR><BR>[Stack]<UL><LI>Max Depth = 144<LI>Call Chain = __vfscanf_char &rArr; __vfscanf &rArr; _scanf_string
</UL>
<BR>[Calls]<UL><LI><a href="#[e8]">&gt;&gt;</a>&nbsp;&nbsp;&nbsp;__vfscanf
</UL>
<BR>[Called By]<UL><LI><a href="#[d6]">&gt;&gt;</a>&nbsp;&nbsp;&nbsp;__0sscanf
</UL>

<P><STRONG><a name="[40]"></a>_sgetc</STRONG> (Thumb, 30 bytes, Stack size 0 bytes, _sgetc.o(.text))
<BR>[Address Reference Count : 1]<UL><LI> __0sscanf.o(.text)
</UL>
<P><STRONG><a name="[41]"></a>_sbackspace</STRONG> (Thumb, 34 bytes, Stack size 0 bytes, _sgetc.o(.text))
<BR>[Address Reference Count : 1]<UL><LI> __0sscanf.o(.text)
</UL>
<P><STRONG><a name="[6e9]"></a>__I$use$fp</STRONG> (Thumb, 0 bytes, Stack size 0 bytes, iusefp.o(.text), UNUSED)

<P><STRONG><a name="[e7]"></a>_float_round</STRONG> (Thumb, 18 bytes, Stack size 0 bytes, fepilogue.o(.text))
<BR><BR>[Called By]<UL><LI><a href="#[e6]">&gt;&gt;</a>&nbsp;&nbsp;&nbsp;__aeabi_d2f
</UL>

<P><STRONG><a name="[6ea]"></a>_float_epilogue</STRONG> (Thumb, 92 bytes, Stack size 4 bytes, fepilogue.o(.text), UNUSED)

<P><STRONG><a name="[dd]"></a>_double_round</STRONG> (Thumb, 30 bytes, Stack size 8 bytes, depilogue.o(.text))
<BR><BR>[Stack]<UL><LI>Max Depth = 8<LI>Call Chain = _double_round
</UL>
<BR>[Called By]<UL><LI><a href="#[da]">&gt;&gt;</a>&nbsp;&nbsp;&nbsp;__aeabi_dadd
<LI><a href="#[e1]">&gt;&gt;</a>&nbsp;&nbsp;&nbsp;__aeabi_ddiv
<LI><a href="#[dc]">&gt;&gt;</a>&nbsp;&nbsp;&nbsp;_double_epilogue
</UL>

<P><STRONG><a name="[dc]"></a>_double_epilogue</STRONG> (Thumb, 156 bytes, Stack size 32 bytes, depilogue.o(.text))
<BR><BR>[Stack]<UL><LI>Max Depth = 40<LI>Call Chain = _double_epilogue &rArr; _double_round
</UL>
<BR>[Calls]<UL><LI><a href="#[d0]">&gt;&gt;</a>&nbsp;&nbsp;&nbsp;__aeabi_llsr
<LI><a href="#[d1]">&gt;&gt;</a>&nbsp;&nbsp;&nbsp;__aeabi_llsl
<LI><a href="#[dd]">&gt;&gt;</a>&nbsp;&nbsp;&nbsp;_double_round
</UL>
<BR>[Called By]<UL><LI><a href="#[e0]">&gt;&gt;</a>&nbsp;&nbsp;&nbsp;__aeabi_dmul
<LI><a href="#[e3]">&gt;&gt;</a>&nbsp;&nbsp;&nbsp;__aeabi_ui2d
<LI><a href="#[e2]">&gt;&gt;</a>&nbsp;&nbsp;&nbsp;__aeabi_i2d
<LI><a href="#[da]">&gt;&gt;</a>&nbsp;&nbsp;&nbsp;__aeabi_dadd
</UL>

<P><STRONG><a name="[e9]"></a>__aeabi_d2ulz</STRONG> (Thumb, 48 bytes, Stack size 0 bytes, dfixul.o(.text), UNUSED)
<BR><BR>[Calls]<UL><LI><a href="#[d0]">&gt;&gt;</a>&nbsp;&nbsp;&nbsp;__aeabi_llsr
<LI><a href="#[d1]">&gt;&gt;</a>&nbsp;&nbsp;&nbsp;__aeabi_llsl
</UL>
<BR>[Called By]<UL><LI><a href="#[2d4]">&gt;&gt;</a>&nbsp;&nbsp;&nbsp;_fp_digits
</UL>

<P><STRONG><a name="[2d5]"></a>__aeabi_cdrcmple</STRONG> (Thumb, 48 bytes, Stack size 0 bytes, cdrcmple.o(.text), UNUSED)
<BR><BR>[Called By]<UL><LI><a href="#[2d4]">&gt;&gt;</a>&nbsp;&nbsp;&nbsp;_fp_digits
</UL>

<P><STRONG><a name="[cb]"></a>__scatterload</STRONG> (Thumb, 28 bytes, Stack size 0 bytes, init.o(.text))
<BR><BR>[Calls]<UL><LI><a href="#[ea]">&gt;&gt;</a>&nbsp;&nbsp;&nbsp;__main_after_scatterload
</UL>
<BR>[Called By]<UL><LI><a href="#[ca]">&gt;&gt;</a>&nbsp;&nbsp;&nbsp;_main_scatterload
</UL>

<P><STRONG><a name="[6eb]"></a>__scatterload_rt2</STRONG> (Thumb, 0 bytes, Stack size 0 bytes, init.o(.text), UNUSED)

<P><STRONG><a name="[e8]"></a>__vfscanf</STRONG> (Thumb, 810 bytes, Stack size 88 bytes, _scanf.o(.text))
<BR><BR>[Stack]<UL><LI>Max Depth = 144<LI>Call Chain = __vfscanf &rArr; _scanf_string
</UL>
<BR>[Calls]<UL><LI><a href="#[eb]">&gt;&gt;</a>&nbsp;&nbsp;&nbsp;_scanf_string
<LI><a href="#[d8]">&gt;&gt;</a>&nbsp;&nbsp;&nbsp;_scanf_int
</UL>
<BR>[Called By]<UL><LI><a href="#[d7]">&gt;&gt;</a>&nbsp;&nbsp;&nbsp;__vfscanf_char
</UL>

<P><STRONG><a name="[6ec]"></a>__decompress</STRONG> (Thumb, 0 bytes, Stack size unknown bytes, __dczerorl2.o(.text), UNUSED)

<P><STRONG><a name="[6ed]"></a>__decompress1</STRONG> (Thumb, 86 bytes, Stack size unknown bytes, __dczerorl2.o(.text), UNUSED)

<P><STRONG><a name="[ec]"></a>AES_encrypt</STRONG> (Thumb, 706 bytes, Stack size 64 bytes, aes128.o(i.AES_encrypt))
<BR><BR>[Stack]<UL><LI>Max Depth = 80<LI>Call Chain = AES_encrypt &rArr; fwd_mcol
</UL>
<BR>[Calls]<UL><LI><a href="#[ee]">&gt;&gt;</a>&nbsp;&nbsp;&nbsp;fwd_mcol
<LI><a href="#[ed]">&gt;&gt;</a>&nbsp;&nbsp;&nbsp;WORD8_TO_WORD32
</UL>
<BR>[Called By]<UL><LI><a href="#[f0]">&gt;&gt;</a>&nbsp;&nbsp;&nbsp;AppMakeOtp
</UL>

<P><STRONG><a name="[ef]"></a>AES_keyschedule_enc</STRONG> (Thumb, 244 bytes, Stack size 36 bytes, aes128.o(i.AES_keyschedule_enc))
<BR><BR>[Stack]<UL><LI>Max Depth = 44<LI>Call Chain = AES_keyschedule_enc &rArr; WORD8_TO_WORD32
</UL>
<BR>[Calls]<UL><LI><a href="#[ed]">&gt;&gt;</a>&nbsp;&nbsp;&nbsp;WORD8_TO_WORD32
</UL>
<BR>[Called By]<UL><LI><a href="#[f0]">&gt;&gt;</a>&nbsp;&nbsp;&nbsp;AppMakeOtp
</UL>

<P><STRONG><a name="[f0]"></a>AppMakeOtp</STRONG> (Thumb, 168 bytes, Stack size 56 bytes, app_message_queue.o(i.AppMakeOtp))
<BR><BR>[Stack]<UL><LI>Max Depth = 136<LI>Call Chain = AppMakeOtp &rArr; AES_encrypt &rArr; fwd_mcol
</UL>
<BR>[Calls]<UL><LI><a href="#[ef]">&gt;&gt;</a>&nbsp;&nbsp;&nbsp;AES_keyschedule_enc
<LI><a href="#[ec]">&gt;&gt;</a>&nbsp;&nbsp;&nbsp;AES_encrypt
<LI><a href="#[f1]">&gt;&gt;</a>&nbsp;&nbsp;&nbsp;__aeabi_memcpy
</UL>
<BR>[Called By]<UL><LI><a href="#[587]">&gt;&gt;</a>&nbsp;&nbsp;&nbsp;main_loop
<LI><a href="#[3d]">&gt;&gt;</a>&nbsp;&nbsp;&nbsp;main
</UL>

<P><STRONG><a name="[f2]"></a>AppMessageQueueInit</STRONG> (Thumb, 40 bytes, Stack size 8 bytes, app_message_queue.o(i.AppMessageQueueInit))
<BR><BR>[Stack]<UL><LI>Max Depth = 8<LI>Call Chain = AppMessageQueueInit
</UL>
<BR>[Calls]<UL><LI><a href="#[f3]">&gt;&gt;</a>&nbsp;&nbsp;&nbsp;list_init
</UL>
<BR>[Called By]<UL><LI><a href="#[584]">&gt;&gt;</a>&nbsp;&nbsp;&nbsp;mesh_app_init
</UL>

<P><STRONG><a name="[f4]"></a>AppSettingsTask</STRONG> (Thumb, 972 bytes, Stack size 336 bytes, app_settings.o(i.AppSettingsTask))
<BR><BR>[Stack]<UL><LI>Max Depth = 1240<LI>Call Chain = AppSettingsTask &rArr; CFG_Save &rArr; nrf_use_flash_store &rArr; nrf_fstorage_write &rArr; nrf_log_frontend_std_3 &rArr; std_n &rArr; nrf_log_frontend_dequeue &rArr; nrf_memobj_alloc &rArr; nrf_memobj_free &rArr; nrf_balloc_free &rArr; app_util_critical_region_enter &rArr; sd_nvic_critical_region_enter
</UL>
<BR>[Calls]<UL><LI><a href="#[100]">&gt;&gt;</a>&nbsp;&nbsp;&nbsp;nrf_delay_ms
<LI><a href="#[fe]">&gt;&gt;</a>&nbsp;&nbsp;&nbsp;nrf_log_frontend_std_0
<LI><a href="#[fb]">&gt;&gt;</a>&nbsp;&nbsp;&nbsp;CFG_Save
<LI><a href="#[105]">&gt;&gt;</a>&nbsp;&nbsp;&nbsp;CFG_Load
<LI><a href="#[101]">&gt;&gt;</a>&nbsp;&nbsp;&nbsp;force_device_disconnect
<LI><a href="#[104]">&gt;&gt;</a>&nbsp;&nbsp;&nbsp;bootloader_start
<LI><a href="#[fa]">&gt;&gt;</a>&nbsp;&nbsp;&nbsp;ble_send_data
<LI><a href="#[f5]">&gt;&gt;</a>&nbsp;&nbsp;&nbsp;ble_is_connected
<LI><a href="#[f6]">&gt;&gt;</a>&nbsp;&nbsp;&nbsp;ble_get_data
<LI><a href="#[102]">&gt;&gt;</a>&nbsp;&nbsp;&nbsp;app_indicator_led_on
<LI><a href="#[103]">&gt;&gt;</a>&nbsp;&nbsp;&nbsp;app_indicator_led_off
<LI><a href="#[ff]">&gt;&gt;</a>&nbsp;&nbsp;&nbsp;ac_type_detection_task_trigger
<LI><a href="#[fc]">&gt;&gt;</a>&nbsp;&nbsp;&nbsp;IR_ConstructSpecificDeviceType
<LI><a href="#[f9]">&gt;&gt;</a>&nbsp;&nbsp;&nbsp;strlen
[...]
</UL>
<BR>[Calls]<UL><LI><a href="#[671]">&gt;&gt;</a>&nbsp;&nbsp;&nbsp;timer_order_ppi
<LI><a href="#[66f]">&gt;&gt;</a>&nbsp;&nbsp;&nbsp;timer_get_timestamp
<LI><a href="#[670]">&gt;&gt;</a>&nbsp;&nbsp;&nbsp;setup_rx_timeout
<LI><a href="#[669]">&gt;&gt;</a>&nbsp;&nbsp;&nbsp;radio_fifo_peek_at
<LI><a href="#[668]">&gt;&gt;</a>&nbsp;&nbsp;&nbsp;radio_fifo_peek
<LI><a href="#[66a]">&gt;&gt;</a>&nbsp;&nbsp;&nbsp;radio_fifo_get_length
<LI><a href="#[666]">&gt;&gt;</a>&nbsp;&nbsp;&nbsp;radio_fifo_get
<LI><a href="#[667]">&gt;&gt;</a>&nbsp;&nbsp;&nbsp;radio_fifo_empty
<LI><a href="#[66e]">&gt;&gt;</a>&nbsp;&nbsp;&nbsp;radio_channel_set
</UL>
<BR>[Called By]<UL><LI><a href="#[663]">&gt;&gt;</a>&nbsp;&nbsp;&nbsp;radio_event_handler
<LI><a href="#[59]">&gt;&gt;</a>&nbsp;&nbsp;&nbsp;rx_abort_cb
</UL>

<P><STRONG><a name="[672]"></a>radio_will_go_to_disabled_state</STRONG> (Thumb, 64 bytes, Stack size 48 bytes, radio_control.o(i.radio_will_go_to_disabled_state))
<BR><BR>[Stack]<UL><LI>Max Depth = 64<LI>Call Chain = radio_will_go_to_disabled_state &rArr; radio_fifo_peek_at
</UL>
<BR>[Calls]<UL><LI><a href="#[669]">&gt;&gt;</a>&nbsp;&nbsp;&nbsp;radio_fifo_peek_at
<LI><a href="#[66a]">&gt;&gt;</a>&nbsp;&nbsp;&nbsp;radio_fifo_get_length
</UL>
<BR>[Called By]<UL><LI><a href="#[627]">&gt;&gt;</a>&nbsp;&nbsp;&nbsp;radio_order
</UL>

<P><STRONG><a name="[59]"></a>rx_abort_cb</STRONG> (Thumb, 22 bytes, Stack size 8 bytes, radio_control.o(i.rx_abort_cb))
<BR><BR>[Stack]<UL><LI>Max Depth = 472<LI>Call Chain = rx_abort_cb &rArr; radio_transition_end &rArr; setup_rx_timeout &rArr; timer_order_cb_ppi &rArr; app_error_handler &rArr; app_error_fault_handler &rArr; nrf_log_frontend_std_5 &rArr; std_n &rArr; nrf_log_frontend_dequeue &rArr; nrf_memobj_alloc &rArr; nrf_memobj_free &rArr; nrf_balloc_free &rArr; app_util_critical_region_enter &rArr; sd_nvic_critical_region_enter
</UL>
<BR>[Calls]<UL><LI><a href="#[665]">&gt;&gt;</a>&nbsp;&nbsp;&nbsp;radio_transition_end
</UL>
<BR>[Address Reference Count : 1]<UL><LI> radio_control.o(i.setup_rx_timeout)
</UL>
<P><STRONG><a name="[670]"></a>setup_rx_timeout</STRONG> (Thumb, 24 bytes, Stack size 8 bytes, radio_control.o(i.setup_rx_timeout))
<BR><BR>[Stack]<UL><LI>Max Depth = 376<LI>Call Chain = setup_rx_timeout &rArr; timer_order_cb_ppi &rArr; app_error_handler &rArr; app_error_fault_handler &rArr; nrf_log_frontend_std_5 &rArr; std_n &rArr; nrf_log_frontend_dequeue &rArr; nrf_memobj_alloc &rArr; nrf_memobj_free &rArr; nrf_balloc_free &rArr; app_util_critical_region_enter &rArr; sd_nvic_critical_region_enter
</UL>
<BR>[Calls]<UL><LI><a href="#[69d]">&gt;&gt;</a>&nbsp;&nbsp;&nbsp;timer_order_cb_ppi
</UL>
<BR>[Called By]<UL><LI><a href="#[627]">&gt;&gt;</a>&nbsp;&nbsp;&nbsp;radio_order
<LI><a href="#[665]">&gt;&gt;</a>&nbsp;&nbsp;&nbsp;radio_transition_end
</UL>

<P><STRONG><a name="[6a9]"></a>get_available_timer</STRONG> (Thumb, 88 bytes, Stack size 0 bytes, timer_control.o(i.get_available_timer))
<BR><BR>[Called By]<UL><LI><a href="#[675]">&gt;&gt;</a>&nbsp;&nbsp;&nbsp;timer_order_cb_sync_exec
<LI><a href="#[6af]">&gt;&gt;</a>&nbsp;&nbsp;&nbsp;timer_order_cb
<LI><a href="#[671]">&gt;&gt;</a>&nbsp;&nbsp;&nbsp;timer_order_ppi
<LI><a href="#[69d]">&gt;&gt;</a>&nbsp;&nbsp;&nbsp;timer_order_cb_ppi
<LI><a href="#[66f]">&gt;&gt;</a>&nbsp;&nbsp;&nbsp;timer_get_timestamp
</UL>

<P><STRONG><a name="[677]"></a>NVIC_EnableIRQ</STRONG> (Thumb, 22 bytes, Stack size 0 bytes, timeslot_handler.o(i.NVIC_EnableIRQ))
<BR><BR>[Called By]<UL><LI><a href="#[68c]">&gt;&gt;</a>&nbsp;&nbsp;&nbsp;sd_nvic_EnableIRQ
<LI><a href="#[5d]">&gt;&gt;</a>&nbsp;&nbsp;&nbsp;radio_signal_callback
<LI><a href="#[68e]">&gt;&gt;</a>&nbsp;&nbsp;&nbsp;timeslot_queue_async_event
</UL>

<P><STRONG><a name="[678]"></a>NVIC_SetPriority</STRONG> (Thumb, 32 bytes, Stack size 8 bytes, timeslot_handler.o(i.NVIC_SetPriority))
<BR><BR>[Stack]<UL><LI>Max Depth = 8<LI>Call Chain = NVIC_SetPriority
</UL>
<BR>[Called By]<UL><LI><a href="#[5d]">&gt;&gt;</a>&nbsp;&nbsp;&nbsp;radio_signal_callback
<LI><a href="#[68e]">&gt;&gt;</a>&nbsp;&nbsp;&nbsp;timeslot_queue_async_event
</UL>

<P><STRONG><a name="[339]"></a>async_event_execute</STRONG> (Thumb, 60 bytes, Stack size 8 bytes, timeslot_handler.o(i.async_event_execute))
<BR><BR>[Stack]<UL><LI>Max Depth = 632<LI>Call Chain = async_event_execute &rArr; mesh_srv_packet_process &rArr; rbc_mesh_event_handler &rArr; AppShowiSmartPacket &rArr; nrf_log_frontend_std_6 &rArr; std_n &rArr; nrf_log_frontend_dequeue &rArr; nrf_memobj_alloc &rArr; nrf_memobj_free &rArr; nrf_balloc_free &rArr; app_util_critical_region_enter &rArr; sd_nvic_critical_region_enter
</UL>
<BR>[Calls]<UL><LI><a href="#[33a]">&gt;&gt;</a>&nbsp;&nbsp;&nbsp;mesh_srv_packet_process
</UL>
<BR>[Called By]<UL><LI><a href="#[274]">&gt;&gt;</a>&nbsp;&nbsp;&nbsp;rbc_mesh_SWI0_IRQHandler
</UL>

<P><STRONG><a name="[54]"></a>end_timer_handler</STRONG> (Thumb, 36 bytes, Stack size 8 bytes, timeslot_handler.o(i.end_timer_handler))
<BR><BR>[Stack]<UL><LI>Max Depth = 24<LI>Call Chain = end_timer_handler &rArr; timeslot_order_earliest
</UL>
<BR>[Calls]<UL><LI><a href="#[4f6]">&gt;&gt;</a>&nbsp;&nbsp;&nbsp;timeslot_order_earliest
</UL>
<BR>[Address Reference Count : 1]<UL><LI> timeslot_handler.o(i.radio_signal_callback)
</UL>
<P><STRONG><a name="[4ff]"></a>event_fifo_empty</STRONG> (Thumb, 20 bytes, Stack size 0 bytes, timeslot_handler.o(i.event_fifo_empty))
<BR><BR>[Called By]<UL><LI><a href="#[274]">&gt;&gt;</a>&nbsp;&nbsp;&nbsp;rbc_mesh_SWI0_IRQHandler
<LI><a href="#[4fe]">&gt;&gt;</a>&nbsp;&nbsp;&nbsp;event_fifo_get
</UL>

<P><STRONG><a name="[673]"></a>event_fifo_flush</STRONG> (Thumb, 10 bytes, Stack size 0 bytes, timeslot_handler.o(i.event_fifo_flush))
<BR><BR>[Called By]<UL><LI><a href="#[5d]">&gt;&gt;</a>&nbsp;&nbsp;&nbsp;radio_signal_callback
</UL>

<P><STRONG><a name="[501]"></a>event_fifo_full</STRONG> (Thumb, 22 bytes, Stack size 0 bytes, timeslot_handler.o(i.event_fifo_full))
<BR><BR>[Called By]<UL><LI><a href="#[500]">&gt;&gt;</a>&nbsp;&nbsp;&nbsp;event_fifo_put
</UL>

<P><STRONG><a name="[4fe]"></a>event_fifo_get</STRONG> (Thumb, 60 bytes, Stack size 16 bytes, timeslot_handler.o(i.event_fifo_get))
<BR><BR>[Stack]<UL><LI>Max Depth = 16<LI>Call Chain = event_fifo_get
</UL>
<BR>[Calls]<UL><LI><a href="#[4ff]">&gt;&gt;</a>&nbsp;&nbsp;&nbsp;event_fifo_empty
<LI><a href="#[127]">&gt;&gt;</a>&nbsp;&nbsp;&nbsp;__aeabi_memcpy4
</UL>
<BR>[Called By]<UL><LI><a href="#[274]">&gt;&gt;</a>&nbsp;&nbsp;&nbsp;rbc_mesh_SWI0_IRQHandler
</UL>

<P><STRONG><a name="[500]"></a>event_fifo_put</STRONG> (Thumb, 76 bytes, Stack size 16 bytes, timeslot_handler.o(i.event_fifo_put))
<BR><BR>[Stack]<UL><LI>Max Depth = 360<LI>Call Chain = event_fifo_put &rArr; app_error_handler &rArr; app_error_fault_handler &rArr; nrf_log_frontend_std_5 &rArr; std_n &rArr; nrf_log_frontend_dequeue &rArr; nrf_memobj_alloc &rArr; nrf_memobj_free &rArr; nrf_balloc_free &rArr; app_util_critical_region_enter &rArr; sd_nvic_critical_region_enter
</UL>
<BR>[Calls]<UL><LI><a href="#[cc]">&gt;&gt;</a>&nbsp;&nbsp;&nbsp;app_error_handler
<LI><a href="#[501]">&gt;&gt;</a>&nbsp;&nbsp;&nbsp;event_fifo_full
<LI><a href="#[127]">&gt;&gt;</a>&nbsp;&nbsp;&nbsp;__aeabi_memcpy4
</UL>
<BR>[Called By]<UL><LI><a href="#[68e]">&gt;&gt;</a>&nbsp;&nbsp;&nbsp;timeslot_queue_async_event
</UL>

<P><STRONG><a name="[5d]"></a>radio_signal_callback</STRONG> (Thumb, 504 bytes, Stack size 32 bytes, timeslot_handler.o(i.radio_signal_callback))
<BR><BR>[Stack]<UL><LI>Max Depth = 504<LI>Call Chain = radio_signal_callback &rArr; radio_event_handler &rArr; radio_transition_end &rArr; setup_rx_timeout &rArr; timer_order_cb_ppi &rArr; app_error_handler &rArr; app_error_fault_handler &rArr; nrf_log_frontend_std_5 &rArr; std_n &rArr; nrf_log_frontend_dequeue &rArr; nrf_memobj_alloc &rArr; nrf_memobj_free &rArr; nrf_balloc_free &rArr; app_util_critical_region_enter &rArr; sd_nvic_critical_region_enter
</UL>
<BR>[Calls]<UL><LI><a href="#[cc]">&gt;&gt;</a>&nbsp;&nbsp;&nbsp;app_error_handler
<LI><a href="#[679]">&gt;&gt;</a>&nbsp;&nbsp;&nbsp;transport_control_timeslot_begin
<LI><a href="#[67b]">&gt;&gt;</a>&nbsp;&nbsp;&nbsp;transport_control_step
<LI><a href="#[676]">&gt;&gt;</a>&nbsp;&nbsp;&nbsp;timeslot_extend
<LI><a href="#[673]">&gt;&gt;</a>&nbsp;&nbsp;&nbsp;event_fifo_flush
<LI><a href="#[678]">&gt;&gt;</a>&nbsp;&nbsp;&nbsp;NVIC_SetPriority
<LI><a href="#[677]">&gt;&gt;</a>&nbsp;&nbsp;&nbsp;NVIC_EnableIRQ
<LI><a href="#[675]">&gt;&gt;</a>&nbsp;&nbsp;&nbsp;timer_order_cb_sync_exec
<LI><a href="#[674]">&gt;&gt;</a>&nbsp;&nbsp;&nbsp;timer_init
<LI><a href="#[67a]">&gt;&gt;</a>&nbsp;&nbsp;&nbsp;timer_event_handler
<LI><a href="#[662]">&gt;&gt;</a>&nbsp;&nbsp;&nbsp;timer_abort
<LI><a href="#[663]">&gt;&gt;</a>&nbsp;&nbsp;&nbsp;radio_event_handler
<LI><a href="#[cf]">&gt;&gt;</a>&nbsp;&nbsp;&nbsp;__aeabi_uldivmod
</UL>
<BR>[Address Reference Count : 1]<UL><LI> timeslot_handler.o(i.timeslot_handler_init)
</UL>
<P><STRONG><a name="[68c]"></a>sd_nvic_EnableIRQ</STRONG> (Thumb, 162 bytes, Stack size 8 bytes, timeslot_handler.o(i.sd_nvic_EnableIRQ))
<BR><BR>[Stack]<UL><LI>Max Depth = 8<LI>Call Chain = sd_nvic_EnableIRQ
</UL>
<BR>[Calls]<UL><LI><a href="#[677]">&gt;&gt;</a>&nbsp;&nbsp;&nbsp;NVIC_EnableIRQ
</UL>
<BR>[Called By]<UL><LI><a href="#[67c]">&gt;&gt;</a>&nbsp;&nbsp;&nbsp;timeslot_handler_init
</UL>

<P><STRONG><a name="[625]"></a>order_search</STRONG> (Thumb, 42 bytes, Stack size 24 bytes, transport_control.o(i.order_search))
<BR><BR>[Stack]<UL><LI>Max Depth = 432<LI>Call Chain = order_search &rArr; radio_order &rArr; setup_rx_timeout &rArr; timer_order_cb_ppi &rArr; app_error_handler &rArr; app_error_fault_handler &rArr; nrf_log_frontend_std_5 &rArr; std_n &rArr; nrf_log_frontend_dequeue &rArr; nrf_memobj_alloc &rArr; nrf_memobj_free &rArr; nrf_balloc_free &rArr; app_util_critical_region_enter &rArr; sd_nvic_critical_region_enter
</UL>
<BR>[Calls]<UL><LI><a href="#[626]">&gt;&gt;</a>&nbsp;&nbsp;&nbsp;rbc_mesh_channel_get
<LI><a href="#[627]">&gt;&gt;</a>&nbsp;&nbsp;&nbsp;radio_order
</UL>
<BR>[Called By]<UL><LI><a href="#[5e]">&gt;&gt;</a>&nbsp;&nbsp;&nbsp;trickle_step_callback
<LI><a href="#[53]">&gt;&gt;</a>&nbsp;&nbsp;&nbsp;search_callback
<LI><a href="#[679]">&gt;&gt;</a>&nbsp;&nbsp;&nbsp;transport_control_timeslot_begin
</UL>

<P><STRONG><a name="[53]"></a>search_callback</STRONG> (Thumb, 90 bytes, Stack size 72 bytes, transport_control.o(i.search_callback))
<BR><BR>[Stack]<UL><LI>Max Depth = 504<LI>Call Chain = search_callback &rArr; order_search &rArr; radio_order &rArr; setup_rx_timeout &rArr; timer_order_cb_ppi &rArr; app_error_handler &rArr; app_error_fault_handler &rArr; nrf_log_frontend_std_5 &rArr; std_n &rArr; nrf_log_frontend_dequeue &rArr; nrf_memobj_alloc &rArr; nrf_memobj_free &rArr; nrf_balloc_free &rArr; app_util_critical_region_enter &rArr; sd_nvic_critical_region_enter
</UL>
<BR>[Calls]<UL><LI><a href="#[628]">&gt;&gt;</a>&nbsp;&nbsp;&nbsp;packet_create_from_data
<LI><a href="#[625]">&gt;&gt;</a>&nbsp;&nbsp;&nbsp;order_search
<LI><a href="#[68d]">&gt;&gt;</a>&nbsp;&nbsp;&nbsp;timeslot_get_remaining_time
<LI><a href="#[68e]">&gt;&gt;</a>&nbsp;&nbsp;&nbsp;timeslot_queue_async_event
</UL>
<BR>[Address Reference Count : 1]<UL><LI> transport_control.o(i.order_search)
</UL>
<P><STRONG><a name="[5e]"></a>trickle_step_callback</STRONG> (Thumb, 274 bytes, Stack size 120 bytes, transport_control.o(i.trickle_step_callback))
<BR><BR>[Stack]<UL><LI>Max Depth = 552<LI>Call Chain = trickle_step_callback &rArr; order_search &rArr; radio_order &rArr; setup_rx_timeout &rArr; timer_order_cb_ppi &rArr; app_error_handler &rArr; app_error_fault_handler &rArr; nrf_log_frontend_std_5 &rArr; std_n &rArr; nrf_log_frontend_dequeue &rArr; nrf_memobj_alloc &rArr; nrf_memobj_free &rArr; nrf_balloc_free &rArr; app_util_critical_region_enter &rArr; sd_nvic_critical_region_enter
</UL>
<BR>[Calls]<UL><LI><a href="#[6b5]">&gt;&gt;</a>&nbsp;&nbsp;&nbsp;trickle_time_update
<LI><a href="#[625]">&gt;&gt;</a>&nbsp;&nbsp;&nbsp;order_search
<LI><a href="#[68d]">&gt;&gt;</a>&nbsp;&nbsp;&nbsp;timeslot_get_remaining_time
<LI><a href="#[6b6]">&gt;&gt;</a>&nbsp;&nbsp;&nbsp;timeslot_get_end_time
<LI><a href="#[6af]">&gt;&gt;</a>&nbsp;&nbsp;&nbsp;timer_order_cb
<LI><a href="#[626]">&gt;&gt;</a>&nbsp;&nbsp;&nbsp;rbc_mesh_channel_get
<LI><a href="#[66f]">&gt;&gt;</a>&nbsp;&nbsp;&nbsp;timer_get_timestamp
<LI><a href="#[662]">&gt;&gt;</a>&nbsp;&nbsp;&nbsp;timer_abort
<LI><a href="#[627]">&gt;&gt;</a>&nbsp;&nbsp;&nbsp;radio_order
<LI><a href="#[660]">&gt;&gt;</a>&nbsp;&nbsp;&nbsp;radio_disable
<LI><a href="#[5a1]">&gt;&gt;</a>&nbsp;&nbsp;&nbsp;mesh_srv_packet_assemble
<LI><a href="#[59c]">&gt;&gt;</a>&nbsp;&nbsp;&nbsp;mesh_srv_get_next_processing_time
<LI><a href="#[f1]">&gt;&gt;</a>&nbsp;&nbsp;&nbsp;__aeabi_memcpy
</UL>
<BR>[Address Reference Count : 2]<UL><LI> transport_control.o(i.transport_control_step)
<LI> transport_control.o(i.trickle_step_callback)
</UL>
<P><STRONG><a name="[6b8]"></a>trickle_interval_begin</STRONG> (Thumb, 174 bytes, Stack size 32 bytes, trickle.o(i.trickle_interval_begin))
<BR><BR>[Stack]<UL><LI>Max Depth = 72<LI>Call Chain = trickle_interval_begin &rArr; __aeabi_uldivmod
</UL>
<BR>[Calls]<UL><LI><a href="#[cf]">&gt;&gt;</a>&nbsp;&nbsp;&nbsp;__aeabi_uldivmod
</UL>
<BR>[Called By]<UL><LI><a href="#[5a2]">&gt;&gt;</a>&nbsp;&nbsp;&nbsp;trickle_step
<LI><a href="#[598]">&gt;&gt;</a>&nbsp;&nbsp;&nbsp;trickle_init
<LI><a href="#[6b9]">&gt;&gt;</a>&nbsp;&nbsp;&nbsp;trickle_timer_reset
</UL>

<P><STRONG><a name="[12d]"></a>CalcEnergy</STRONG> (Thumb, 422 bytes, Stack size 96 bytes, smarthome_meter.o(i.CalcEnergy))
<BR><BR>[Stack]<UL><LI>Max Depth = 192 + Unknown Stack Size
<LI>Call Chain = CalcEnergy &rArr; LL_iir_1ord &rArr; LL_mul_lll
</UL>
<BR>[Calls]<UL><LI><a href="#[12e]">&gt;&gt;</a>&nbsp;&nbsp;&nbsp;FRACLIB_FFMUL32
<LI><a href="#[134]">&gt;&gt;</a>&nbsp;&nbsp;&nbsp;S_div_llll
<LI><a href="#[132]">&gt;&gt;</a>&nbsp;&nbsp;&nbsp;LL_sub
<LI><a href="#[131]">&gt;&gt;</a>&nbsp;&nbsp;&nbsp;LL_mul_lll
<LI><a href="#[12f]">&gt;&gt;</a>&nbsp;&nbsp;&nbsp;LL_iir_1ord
<LI><a href="#[130]">&gt;&gt;</a>&nbsp;&nbsp;&nbsp;LL_add
<LI><a href="#[133]">&gt;&gt;</a>&nbsp;&nbsp;&nbsp;LL_abs
</UL>
<BR>[Called By]<UL><LI><a href="#[270]">&gt;&gt;</a>&nbsp;&nbsp;&nbsp;SMARTHOME_CalcWattHours
</UL>

<P><STRONG><a name="[133]"></a>LL_abs</STRONG> (Thumb, 46 bytes, Stack size 16 bytes, smarthome_meter.o(i.LL_abs))
<BR><BR>[Stack]<UL><LI>Max Depth = 16<LI>Call Chain = LL_abs
</UL>
<BR>[Called By]<UL><LI><a href="#[12d]">&gt;&gt;</a>&nbsp;&nbsp;&nbsp;CalcEnergy
</UL>

<P><STRONG><a name="[130]"></a>LL_add</STRONG> (Thumb, 14 bytes, Stack size 12 bytes, smarthome_meter.o(i.LL_add))
<BR><BR>[Stack]<UL><LI>Max Depth = 12<LI>Call Chain = LL_add
</UL>
<BR>[Called By]<UL><LI><a href="#[26e]">&gt;&gt;</a>&nbsp;&nbsp;&nbsp;SMARTHOME_CalcAuxiliary
<LI><a href="#[12d]">&gt;&gt;</a>&nbsp;&nbsp;&nbsp;CalcEnergy
</UL>

<P><STRONG><a name="[12f]"></a>LL_iir_1ord</STRONG> (Thumb, 106 bytes, Stack size 72 bytes, smarthome_meter.o(i.LL_iir_1ord))
<BR><BR>[Stack]<UL><LI>Max Depth = 96 + Unknown Stack Size
<LI>Call Chain = LL_iir_1ord &rArr; LL_mul_lll
</UL>
<BR>[Calls]<UL><LI><a href="#[132]">&gt;&gt;</a>&nbsp;&nbsp;&nbsp;LL_sub
<LI><a href="#[131]">&gt;&gt;</a>&nbsp;&nbsp;&nbsp;LL_mul_lll
</UL>
<BR>[Called By]<UL><LI><a href="#[26e]">&gt;&gt;</a>&nbsp;&nbsp;&nbsp;SMARTHOME_CalcAuxiliary
<LI><a href="#[12d]">&gt;&gt;</a>&nbsp;&nbsp;&nbsp;CalcEnergy
</UL>

<P><STRONG><a name="[223]"></a>LL_iir_1ord_ll</STRONG> (Thumb, 96 bytes, Stack size 64 bytes, smarthome_meter.o(i.LL_iir_1ord_ll))
<BR><BR>[Stack]<UL><LI>Max Depth = 88 + Unknown Stack Size
<LI>Call Chain = LL_iir_1ord_ll &rArr; LL_mul_lll
</UL>
<BR>[Calls]<UL><LI><a href="#[12e]">&gt;&gt;</a>&nbsp;&nbsp;&nbsp;FRACLIB_FFMUL32
<LI><a href="#[132]">&gt;&gt;</a>&nbsp;&nbsp;&nbsp;LL_sub
<LI><a href="#[131]">&gt;&gt;</a>&nbsp;&nbsp;&nbsp;LL_mul_lll
</UL>
<BR>[Called By]<UL><LI><a href="#[272]">&gt;&gt;</a>&nbsp;&nbsp;&nbsp;SMARTHOME_RemoveDcBias
<LI><a href="#[26e]">&gt;&gt;</a>&nbsp;&nbsp;&nbsp;SMARTHOME_CalcAuxiliary
</UL>

<P><STRONG><a name="[131]"></a>LL_mul_lll</STRONG> (Thumb, 46 bytes, Stack size 24 bytes, smarthome_meter.o(i.LL_mul_lll))
<BR><BR>[Stack]<UL><LI>Max Depth = 24 + Unknown Stack Size
<LI>Call Chain = LL_mul_lll
</UL>
<BR>[Calls]<UL><LI><a href="#[12e]">&gt;&gt;</a>&nbsp;&nbsp;&nbsp;FRACLIB_FFMUL32
<LI><a href="#[224]">&gt;&gt;</a>&nbsp;&nbsp;&nbsp;FRACLIB_USMUL32
</UL>
<BR>[Called By]<UL><LI><a href="#[223]">&gt;&gt;</a>&nbsp;&nbsp;&nbsp;LL_iir_1ord_ll
<LI><a href="#[12f]">&gt;&gt;</a>&nbsp;&nbsp;&nbsp;LL_iir_1ord
<LI><a href="#[12d]">&gt;&gt;</a>&nbsp;&nbsp;&nbsp;CalcEnergy
</UL>

<P><STRONG><a name="[132]"></a>LL_sub</STRONG> (Thumb, 14 bytes, Stack size 12 bytes, smarthome_meter.o(i.LL_sub))
<BR><BR>[Stack]<UL><LI>Max Depth = 12<LI>Call Chain = LL_sub
</UL>
<BR>[Called By]<UL><LI><a href="#[223]">&gt;&gt;</a>&nbsp;&nbsp;&nbsp;LL_iir_1ord_ll
<LI><a href="#[12f]">&gt;&gt;</a>&nbsp;&nbsp;&nbsp;LL_iir_1ord
<LI><a href="#[12d]">&gt;&gt;</a>&nbsp;&nbsp;&nbsp;CalcEnergy
</UL>

<P><STRONG><a name="[26f]"></a>L_extract_hi</STRONG> (Thumb, 8 bytes, Stack size 0 bytes, smarthome_meter.o(i.L_extract_hi))
<BR><BR>[Called By]<UL><LI><a href="#[271]">&gt;&gt;</a>&nbsp;&nbsp;&nbsp;SMARTHOME_ReadResults
<LI><a href="#[270]">&gt;&gt;</a>&nbsp;&nbsp;&nbsp;SMARTHOME_CalcWattHours
<LI><a href="#[26e]">&gt;&gt;</a>&nbsp;&nbsp;&nbsp;SMARTHOME_CalcAuxiliary
</UL>

<P><STRONG><a name="[226]"></a>L_extract_hi</STRONG> (Thumb, 8 bytes, Stack size 0 bytes, fraclib.o(i.L_extract_hi))
<BR><BR>[Called By]<UL><LI><a href="#[225]">&gt;&gt;</a>&nbsp;&nbsp;&nbsp;L_sqr_ll
</UL>

<P><STRONG><a name="[2d4]"></a>_fp_digits</STRONG> (Thumb, 366 bytes, Stack size 64 bytes, printfa.o(i._fp_digits), UNUSED)
<BR><BR>[Calls]<UL><LI><a href="#[e0]">&gt;&gt;</a>&nbsp;&nbsp;&nbsp;__aeabi_dmul
<LI><a href="#[da]">&gt;&gt;</a>&nbsp;&nbsp;&nbsp;__aeabi_dadd
<LI><a href="#[e1]">&gt;&gt;</a>&nbsp;&nbsp;&nbsp;__aeabi_ddiv
<LI><a href="#[cf]">&gt;&gt;</a>&nbsp;&nbsp;&nbsp;__aeabi_uldivmod
<LI><a href="#[e9]">&gt;&gt;</a>&nbsp;&nbsp;&nbsp;__aeabi_d2ulz
<LI><a href="#[2d5]">&gt;&gt;</a>&nbsp;&nbsp;&nbsp;__aeabi_cdrcmple
</UL>
<BR>[Called By]<UL><LI><a href="#[2d3]">&gt;&gt;</a>&nbsp;&nbsp;&nbsp;_printf_core
</UL>

<P><STRONG><a name="[2d3]"></a>_printf_core</STRONG> (Thumb, 1704 bytes, Stack size 136 bytes, printfa.o(i._printf_core), UNUSED)
<BR><BR>[Calls]<UL><LI><a href="#[cf]">&gt;&gt;</a>&nbsp;&nbsp;&nbsp;__aeabi_uldivmod
<LI><a href="#[2e1]">&gt;&gt;</a>&nbsp;&nbsp;&nbsp;__aeabi_uidivmod
<LI><a href="#[2df]">&gt;&gt;</a>&nbsp;&nbsp;&nbsp;_printf_pre_padding
<LI><a href="#[2e0]">&gt;&gt;</a>&nbsp;&nbsp;&nbsp;_printf_post_padding
<LI><a href="#[2d4]">&gt;&gt;</a>&nbsp;&nbsp;&nbsp;_fp_digits
</UL>
<BR>[Called By]<UL><LI><a href="#[2d2]">&gt;&gt;</a>&nbsp;&nbsp;&nbsp;__0sprintf
</UL>

<P><STRONG><a name="[2e0]"></a>_printf_post_padding</STRONG> (Thumb, 36 bytes, Stack size 24 bytes, printfa.o(i._printf_post_padding), UNUSED)
<BR><BR>[Called By]<UL><LI><a href="#[2d3]">&gt;&gt;</a>&nbsp;&nbsp;&nbsp;_printf_core
</UL>

<P><STRONG><a name="[2df]"></a>_printf_pre_padding</STRONG> (Thumb, 46 bytes, Stack size 24 bytes, printfa.o(i._printf_pre_padding), UNUSED)
<BR><BR>[Called By]<UL><LI><a href="#[2d3]">&gt;&gt;</a>&nbsp;&nbsp;&nbsp;_printf_core
</UL>

<P><STRONG><a name="[45]"></a>_sputc</STRONG> (Thumb, 10 bytes, Stack size 0 bytes, printfa.o(i._sputc))
<BR><BR>[Called By]<UL><LI><a href="#[2d2]">&gt;&gt;</a>&nbsp;&nbsp;&nbsp;__0sprintf
</UL>
<BR>[Address Reference Count : 1]<UL><LI> printfa.o(i.__0sprintf)
</UL>
<P><STRONG><a name="[42]"></a>_scanf_char_input</STRONG> (Thumb, 12 bytes, Stack size 0 bytes, scanf_char.o(.text))
<BR>[Address Reference Count : 1]<UL><LI> scanf_char.o(.text)
</UL><P>
<H3>
Undefined Global Symbols
</H3><HR></body></html>
